Component: ARM Compiler 5.06 update 7 (build 960) Tool: armlink [4d3601]

==============================================================================

Section Cross References

    startup_stm32f407xx.o(RESET) refers to startup_stm32f407xx.o(STACK) for __initial_sp
    startup_stm32f407xx.o(RESET) refers to startup_stm32f407xx.o(.text) for Reset_Handler
    startup_stm32f407xx.o(RESET) refers to stm32f4xx_it.o(i.NMI_Handler) for NMI_Handler
    startup_stm32f407xx.o(RESET) refers to stm32f4xx_it.o(i.HardFault_Handler) for HardFault_Handler
    startup_stm32f407xx.o(RESET) refers to stm32f4xx_it.o(i.MemManage_Handler) for MemManage_Handler
    startup_stm32f407xx.o(RESET) refers to stm32f4xx_it.o(i.BusFault_Handler) for BusFault_Handler
    startup_stm32f407xx.o(RESET) refers to stm32f4xx_it.o(i.UsageFault_Handler) for UsageFault_Handler
    startup_stm32f407xx.o(RESET) refers to stm32f4xx_it.o(i.SVC_Handler) for SVC_Handler
    startup_stm32f407xx.o(RESET) refers to stm32f4xx_it.o(i.DebugMon_Handler) for DebugMon_Handler
    startup_stm32f407xx.o(RESET) refers to stm32f4xx_it.o(i.PendSV_Handler) for PendSV_Handler
    startup_stm32f407xx.o(RESET) refers to stm32f4xx_it.o(i.SysTick_Handler) for SysTick_Handler
    startup_stm32f407xx.o(RESET) refers to stm32f4xx_it.o(i.DMA1_Stream1_IRQHandler) for DMA1_Stream1_IRQHandler
    startup_stm32f407xx.o(RESET) refers to stm32f4xx_it.o(i.DMA1_Stream3_IRQHandler) for DMA1_Stream3_IRQHandler
    startup_stm32f407xx.o(RESET) refers to stm32f4xx_it.o(i.CAN1_RX0_IRQHandler) for CAN1_RX0_IRQHandler
    startup_stm32f407xx.o(RESET) refers to stm32f4xx_it.o(i.TIM2_IRQHandler) for TIM2_IRQHandler
    startup_stm32f407xx.o(RESET) refers to stm32f4xx_it.o(i.TIM3_IRQHandler) for TIM3_IRQHandler
    startup_stm32f407xx.o(RESET) refers to stm32f4xx_it.o(i.USART3_IRQHandler) for USART3_IRQHandler
    startup_stm32f407xx.o(.text) refers to system_stm32f4xx.o(i.SystemInit) for SystemInit
    startup_stm32f407xx.o(.text) refers to entry.o(.ARM.Collect$$$$00000000) for __main
    main.o(i.HAL_CAN_RxFifo0MsgPendingCallback) refers to stm32f4xx_hal_can.o(i.HAL_CAN_GetRxMessage) for HAL_CAN_GetRxMessage
    main.o(i.HAL_CAN_RxFifo0MsgPendingCallback) refers to odriver.o(i.decode_Odrive) for decode_Odrive
    main.o(i.HAL_CAN_RxFifo0MsgPendingCallback) refers to stm32f4xx_hal_can.o(i.HAL_CAN_ActivateNotification) for HAL_CAN_ActivateNotification
    main.o(i.HAL_CAN_RxFifo0MsgPendingCallback) refers to can.o(.bss) for hcan1
    main.o(i.HAL_CAN_RxFifo0MsgPendingCallback) refers to main.o(.bss) for .bss
    main.o(i.HAL_CAN_RxFifo0MsgPendingCallback) refers to main.o(.data) for .data
    main.o(i.HAL_TIM_PeriodElapsedCallback) refers to balance.o(i.LQR_operation) for LQR_operation
    main.o(i.HAL_TIM_PeriodElapsedCallback) refers to odriver.o(i.OdriveGetEncoderFeedback) for OdriveGetEncoderFeedback
    main.o(i.HAL_TIM_PeriodElapsedCallback) refers to odriver.o(i.OdriveGet_VOLTAGE_Gurren) for OdriveGet_VOLTAGE_Gurren
    main.o(i.HAL_TIM_PeriodElapsedCallback) refers to tim.o(.bss) for htim2
    main.o(i.HAL_TIM_PeriodElapsedCallback) refers to main.o(.data) for .data
    main.o(i.HAL_TIM_PeriodElapsedCallback) refers to main.o(.bss) for .bss
    main.o(i.SystemClock_Config) refers to memseta.o(.text) for __aeabi_memclr4
    main.o(i.SystemClock_Config) refers to stm32f4xx_hal_rcc.o(i.HAL_RCC_OscConfig) for HAL_RCC_OscConfig
    main.o(i.SystemClock_Config) refers to stm32f4xx_hal_rcc.o(i.HAL_RCC_ClockConfig) for HAL_RCC_ClockConfig
    main.o(i.main) refers to stm32f4xx_hal.o(i.HAL_Init) for HAL_Init
    main.o(i.main) refers to main.o(i.SystemClock_Config) for SystemClock_Config
    main.o(i.main) refers to gpio.o(i.MX_GPIO_Init) for MX_GPIO_Init
    main.o(i.main) refers to dma.o(i.MX_DMA_Init) for MX_DMA_Init
    main.o(i.main) refers to can.o(i.MX_CAN1_Init) for MX_CAN1_Init
    main.o(i.main) refers to tim.o(i.MX_TIM2_Init) for MX_TIM2_Init
    main.o(i.main) refers to tim.o(i.MX_TIM3_Init) for MX_TIM3_Init
    main.o(i.main) refers to usart.o(i.MX_USART1_UART_Init) for MX_USART1_UART_Init
    main.o(i.main) refers to usart.o(i.MX_USART2_UART_Init) for MX_USART2_UART_Init
    main.o(i.main) refers to usart.o(i.MX_USART3_UART_Init) for MX_USART3_UART_Init
    main.o(i.main) refers to can.o(i.CAN_Init) for CAN_Init
    main.o(i.main) refers to stm32f4xx_hal_can.o(i.HAL_CAN_Start) for HAL_CAN_Start
    main.o(i.main) refers to stm32f4xx_hal_tim.o(i.HAL_TIM_Base_Start_IT) for HAL_TIM_Base_Start_IT
    main.o(i.main) refers to odriver.o(i.OdriveInit) for OdriveInit
    main.o(i.main) refers to fdilink_decode.o(i.interrupt_imu_date) for interrupt_imu_date
    main.o(i.main) refers to can.o(.bss) for hcan1
    main.o(i.main) refers to tim.o(.bss) for htim2
    main.o(i.main) refers to main.o(.bss) for .bss
    main.o(i.main) refers to main.o(.data) for .data
    main.o(.data) refers to balance.o(.bss) for andy_bike
[...]
    i.HAL_UART_IRQHandler                    0x0800229c   Section        0  stm32f4xx_hal_uart.o(i.HAL_UART_IRQHandler)
    i.HAL_UART_Init                          0x0800250c   Section        0  stm32f4xx_hal_uart.o(i.HAL_UART_Init)
    i.HAL_UART_MspInit                       0x08002570   Section        0  usart.o(i.HAL_UART_MspInit)
    i.HAL_UART_Receive_DMA                   0x080026d0   Section        0  stm32f4xx_hal_uart.o(i.HAL_UART_Receive_DMA)
    i.HAL_UART_RxCpltCallback                0x080026ec   Section        0  stm32f4xx_hal_uart.o(i.HAL_UART_RxCpltCallback)
    i.HAL_UART_RxHalfCpltCallback            0x080026ee   Section        0  stm32f4xx_hal_uart.o(i.HAL_UART_RxHalfCpltCallback)
    i.HAL_UART_Transmit                      0x080026f0   Section        0  stm32f4xx_hal_uart.o(i.HAL_UART_Transmit)
    i.HAL_UART_TxCpltCallback                0x08002790   Section        0  stm32f4xx_hal_uart.o(i.HAL_UART_TxCpltCallback)
    i.HardFault_Handler                      0x08002792   Section        0  stm32f4xx_it.o(i.HardFault_Handler)
    i.LQR_operation                          0x08002794   Section        0  balance.o(i.LQR_operation)
    i.MX_CAN1_Init                           0x0800288c   Section        0  can.o(i.MX_CAN1_Init)
    i.MX_DMA_Init                            0x080028d0   Section        0  dma.o(i.MX_DMA_Init)
    i.MX_GPIO_Init                           0x0800290c   Section        0  gpio.o(i.MX_GPIO_Init)
    i.MX_TIM2_Init                           0x08002968   Section        0  tim.o(i.MX_TIM2_Init)
    i.MX_TIM3_Init                           0x080029d0   Section        0  tim.o(i.MX_TIM3_Init)
    i.MX_USART1_UART_Init                    0x08002a38   Section        0  usart.o(i.MX_USART1_UART_Init)
    i.MX_USART2_UART_Init                    0x08002a70   Section        0  usart.o(i.MX_USART2_UART_Init)
    i.MX_USART3_UART_Init                    0x08002aa8   Section        0  usart.o(i.MX_USART3_UART_Init)
    i.MemManage_Handler                      0x08002ae0   Section        0  stm32f4xx_it.o(i.MemManage_Handler)
    i.NMI_Handler                            0x08002ae2   Section        0  stm32f4xx_it.o(i.NMI_Handler)
    i.OdriveGetEncoderFeedback               0x08002ae4   Section        0  odriver.o(i.OdriveGetEncoderFeedback)
    i.OdriveGet_VOLTAGE_Gurren               0x08002af8   Section        0  odriver.o(i.OdriveGet_VOLTAGE_Gurren)
    i.OdriveInit                             0x08002b0c   Section        0  odriver.o(i.OdriveInit)
    i.PendSV_Handler                         0x08002b18   Section        0  stm32f4xx_it.o(i.PendSV_Handler)
    i.SVC_Handler                            0x08002b1a   Section        0  stm32f4xx_it.o(i.SVC_Handler)
    i.SysTick_Handler                        0x08002b1c   Section        0  stm32f4xx_it.o(i.SysTick_Handler)
    i.SystemClock_Config                     0x08002b20   Section        0  main.o(i.SystemClock_Config)
    i.SystemInit                             0x08002bb4   Section        0  system_stm32f4xx.o(i.SystemInit)
    i.TIM2_IRQHandler                        0x08002bc4   Section        0  stm32f4xx_it.o(i.TIM2_IRQHandler)
    i.TIM3_IRQHandler                        0x08002bd0   Section        0  stm32f4xx_it.o(i.TIM3_IRQHandler)
    i.TIM_Base_SetConfig                     0x08002bdc   Section        0  stm32f4xx_hal_tim.o(i.TIM_Base_SetConfig)
    i.TIM_ETR_SetConfig                      0x08002cb4   Section        0  stm32f4xx_hal_tim.o(i.TIM_ETR_SetConfig)
    i.TIM_ITRx_SetConfig                     0x08002cc8   Section        0  stm32f4xx_hal_tim.o(i.TIM_ITRx_SetConfig)
    TIM_ITRx_SetConfig                       0x08002cc9   Thumb Code    16  stm32f4xx_hal_tim.o(i.TIM_ITRx_SetConfig)
    i.TIM_TI1_ConfigInputStage               0x08002cd8   Section        0  stm32f4xx_hal_tim.o(i.TIM_TI1_ConfigInputStage)
    TIM_TI1_ConfigInputStage                 0x08002cd9   Thumb Code    34  stm32f4xx_hal_tim.o(i.TIM_TI1_ConfigInputStage)
    i.TIM_TI2_ConfigInputStage               0x08002cfa   Section        0  stm32f4xx_hal_tim.o(i.TIM_TI2_ConfigInputStage)
    TIM_TI2_ConfigInputStage                 0x08002cfb   Thumb Code    36  stm32f4xx_hal_tim.o(i.TIM_TI2_ConfigInputStage)
    i.UART_DMAAbortOnError                   0x08002d1e   Section        0  stm32f4xx_hal_uart.o(i.UART_DMAAbortOnError)
    UART_DMAAbortOnError                     0x08002d1f   Thumb Code    16  stm32f4xx_hal_uart.o(i.UART_DMAAbortOnError)
    i.UART_DMAError                          0x08002d2e   Section        0  stm32f4xx_hal_uart.o(i.UART_DMAError)
    UART_DMAError                            0x08002d2f   Thumb Code    74  stm32f4xx_hal_uart.o(i.UART_DMAError)
    i.UART_DMAReceiveCplt                    0x08002d78   Section        0  stm32f4xx_hal_uart.o(i.UART_DMAReceiveCplt)
    UART_DMAReceiveCplt                      0x08002d79   Thumb Code   134  stm32f4xx_hal_uart.o(i.UART_DMAReceiveCplt)
    i.UART_DMARxHalfCplt                     0x08002dfe   Section        0  stm32f4xx_hal_uart.o(i.UART_DMARxHalfCplt)
    UART_DMARxHalfCplt                       0x08002dff   Thumb Code    30  stm32f4xx_hal_uart.o(i.UART_DMARxHalfCplt)
    i.UART_EndRxTransfer                     0x08002e1c   Section        0  stm32f4xx_hal_uart.o(i.UART_EndRxTransfer)
    UART_EndRxTransfer                       0x08002e1d   Thumb Code    78  stm32f4xx_hal_uart.o(i.UART_EndRxTransfer)
    i.UART_EndTxTransfer                     0x08002e6a   Section        0  stm32f4xx_hal_uart.o(i.UART_EndTxTransfer)
    UART_EndTxTransfer                       0x08002e6b   Thumb Code    28  stm32f4xx_hal_uart.o(i.UART_EndTxTransfer)
    i.UART_Receive_IT                        0x08002e86   Section        0  stm32f4xx_hal_uart.o(i.UART_Receive_IT)
    UART_Receive_IT                          0x08002e87   Thumb Code   194  stm32f4xx_hal_uart.o(i.UART_Receive_IT)
    i.UART_SetConfig                         0x08002f48   Section        0  stm32f4xx_hal_uart.o(i.UART_SetConfig)
    UART_SetConfig                           0x08002f49   Thumb Code   258  stm32f4xx_hal_uart.o(i.UART_SetConfig)
    i.UART_Start_Receive_DMA                 0x08003054   Section        0  stm32f4xx_hal_uart.o(i.UART_Start_Receive_DMA)
    i.UART_WaitOnFlagUntilTimeout            0x080030e4   Section        0  stm32f4xx_hal_uart.o(i.UART_WaitOnFlagUntilTimeout)
    UART_WaitOnFlagUntilTimeout              0x080030e5   Thumb Code   114  stm32f4xx_hal_uart.o(i.UART_WaitOnFlagUntilTimeout)
    i.USART3_IRQHandler                      0x08003158   Section        0  stm32f4xx_it.o(i.USART3_IRQHandler)
    i.UsageFault_Handler                     0x08003164   Section        0  stm32f4xx_it.o(i.UsageFault_Handler)
    i.__0printf$5                            0x08003168   Section        0  printf5.o(i.__0printf$5)
    i.__ARM_fpclassify                       0x08003188   Section        0  fpclassify.o(i.__ARM_fpclassify)
    i.__NVIC_SetPriority                     0x080031b8   Section        0  stm32f4xx_hal_cortex.o(i.__NVIC_SetPriority)
    __NVIC_SetPriority                       0x080031b9   Thumb Code    32  stm32f4xx_hal_cortex.o(i.__NVIC_SetPriority)
    i.__hardfp_asin                          0x080031d8   Section        0  asin.o(i.__hardfp_asin)
    i.__hardfp_atan                          0x08003538   Section        0  atan.o(i.__hardfp_atan)
    i.__hardfp_atan2                         0x08003810   Section        0  atan2.o(i.__hardfp_atan2)
    i.__kernel_poly                          0x08003a10   Section        0  poly.o(i.__kernel_poly)
    i.__mathlib_dbl_infnan                   0x08003b08   Section        0  dunder.o(i.__mathlib_dbl_infnan)
    i.__mathlib_dbl_infnan2                  0x08003b1c   Section        0  dunder.o(i.__mathlib_dbl_infnan2)
    i.__mathlib_dbl_invalid                  0x08003b30   Section        0  dunder.o(i.__mathlib_dbl_invalid)
    i.__mathlib_dbl_underflow                0x08003b50   Section        0  dunder.o(i.__mathlib_dbl_underflow)
    i.__scatterload_copy                     0x08003b70   Section       14  handlers.o(i.__scatterload_copy)
    i.__scatterload_null                     0x08003b7e   Section        2  handlers.o(i.__scatterload_null)
    i.__scatterload_zeroinit                 0x08003b80   Section       14  handlers.o(i.__scatterload_zeroinit)
    i.__set_errno                            0x08003b90   Section        0  errno.o(i.__set_errno)
    i._printf_core                           0x08003b9c   Section        0  printf5.o(i._printf_core)
    _printf_core                             0x08003b9d   Thumb Code   660  printf5.o(i._printf_core)
    i.atan                                   0x08003e5c   Section        0  atan.o(i.atan)
    i.decode_Odrive                          0x08003e6c   Section        0  odriver.o(i.decode_Odrive)
    i.fabs                                   0x08003ed8   Section        0  fabs.o(i.fabs)
    i.fputc                                  0x08003ef0   Section        0  usart.o(i.fputc)
    i.interrupt_imu_date                     0x08003f08   Section        0  fdilink_decode.o(i.interrupt_imu_date)
    i.main                                   0x08003fa0   Section        0  main.o(i.main)
    i.quaternio_to_euler                     0x08004014   Section        0  fdilink_decode.o(i.quaternio_to_euler)
    quaternio_to_euler                       0x08004015   Thumb Code   242  fdilink_decode.o(i.quaternio_to_euler)
    i.sqrt                                   0x08004106   Section        0  sqrt.o(i.sqrt)
    .constdata                               0x08004174   Section        8  stm32f4xx_hal_dma.o(.constdata)
    flagBitshiftOffset                       0x08004174   Data           8  stm32f4xx_hal_dma.o(.constdata)
    .constdata                               0x0800417c   Section       16  system_stm32f4xx.o(.constdata)
    .constdata                               0x0800418c   Section        8  system_stm32f4xx.o(.constdata)
    .constdata                               0x08004194   Section     1024  fdilink_decode.o(.constdata)
    .constdata                               0x08004598   Section       80  asin.o(.constdata)
    pS                                       0x08004598   Data          48  asin.o(.constdata)
    qS                                       0x080045c8   Data          32  asin.o(.constdata)
    .constdata                               0x080045e8   Section      152  atan.o(.constdata)
    atanhi                                   0x080045e8   Data          32  atan.o(.constdata)
    atanlo                                   0x08004608   Data          32  atan.o(.constdata)
    aTodd                                    0x08004628   Data          40  atan.o(.constdata)
    aTeven                                   0x08004650   Data          48  atan.o(.constdata)
    .constdata                               0x08004680   Section        8  qnan.o(.constdata)
    .data                                    0x20000000   Section        4  main.o(.data)
    .data                                    0x20000004   Section       12  stm32f4xx_hal.o(.data)
    .data                                    0x20000010   Section        4  system_stm32f4xx.o(.data)
    .data                                    0x20000014   Section       16  fdilink_decode.o(.data)
    roll                                     0x20000018   Data           4  fdilink_decode.o(.data)
    pitch                                    0x2000001c   Data           4  fdilink_decode.o(.data)
    yaw                                      0x20000020   Data           4  fdilink_decode.o(.data)
    .data                                    0x20000024   Section        8  fdilink_decode.o(.data)
    .data                                    0x2000002c   Section        4  fdilink_decode.o(.data)
    .data                                    0x20000030   Section        7  fdilink_decode.o(.data)
    .data                                    0x20000037   Section        8  fdilink_decode.o(.data)
    .data                                    0x2000003f   Section        8  fdilink_decode.o(.data)
    .data                                    0x20000047   Section        8  fdilink_decode.o(.data)
    .data                                    0x2000004f   Section        8  fdilink_decode.o(.data)
    .data                                    0x20000057   Section        4  fdilink_decode.o(.data)
    .data                                    0x2000005b   Section        8  fdilink_decode.o(.data)
    .data                                    0x20000063   Section        8  fdilink_decode.o(.data)
    .data                                    0x2000006b   Section        4  fdilink_decode.o(.data)
    .data                                    0x2000006f   Section        1  fdilink_decode.o(.data)
    .data                                    0x20000070   Section        3  fdilink_decode.o(.data)
    .data                                    0x20000073   Section        8  fdilink_decode.o(.data)
    .data                                    0x2000007b   Section        5  fdilink_decode.o(.data)
    .data                                    0x20000080   Section       36  balance.o(.data)
    Motor_Set_Rpm                            0x20000080   Data           4  balance.o(.data)
    Motor_Set_Rpm_set                        0x20000084   Data           4  balance.o(.data)
    ei                                       0x20000088   Data           4  balance.o(.data)
    Angle_Vel_thiserror                      0x2000008c   Data           4  balance.o(.data)
    Angle_Vel_lasterror                      0x20000090   Data           4  balance.o(.data)
    Angle_Vel_preerror                       0x20000094   Data           4  balance.o(.data)
    Angle_Vel_ep                             0x20000098   Data           4  balance.o(.data)
    Angle_Vel_ei                             0x2000009c   Data           4  balance.o(.data)
    Angle_Vel_ed                             0x200000a0   Data           4  balance.o(.data)
    .data                                    0x200000a4   Section        4  stdout.o(.data)
    .data                                    0x200000a8   Section        4  errno.o(.data)
    _errno                                   0x200000a8   Data           4  errno.o(.data)
    .bss                                     0x200000ac   Section       92  main.o(.bss)
    .bss                                     0x20000108   Section       64  can.o(.bss)
    .bss                                     0x20000148   Section      144  tim.o(.bss)
    .bss                                     0x200001d8   Section      408  usart.o(.bss)
    .bss                                     0x20000370   Section       56  fdilink_decode.o(.bss)
    .bss                                     0x200003a8   Section      620  fdilink_decode.o(.bss)
    .bss                                     0x20000614   Section       84  fdilink_decode.o(.bss)
    .bss                                     0x20000668   Section      100  fdilink_decode.o(.bss)
    .bss                                     0x200006cc   Section       14  fdilink_decode.o(.bss)
    .bss                                     0x200006da   Section       12  fdilink_decode.o(.bss)
    .bss                                     0x200006e6   Section       12  fdilink_decode.o(.bss)
    .bss                                     0x200006f2   Section       12  fdilink_decode.o(.bss)
    .bss                                     0x200006fe   Section       16  fdilink_decode.o(.bss)
    .bss                                     0x2000070e   Section       48  fdilink_decode.o(.bss)
    .bss                                     0x2000073e   Section       74  fdilink_decode.o(.bss)
    .bss                                     0x20000788   Section       13  fdilink_decode.o(.bss)
    .bss                                     0x20000795   Section       24  fdilink_decode.o(.bss)
    .bss                                     0x200007ad   Section       24  fdilink_decode.o(.bss)
    .bss                                     0x200007c5   Section       26  fdilink_decode.o(.bss)
    .bss                                     0x200007df   Section       12  fdilink_decode.o(.bss)
    .bss                                     0x200007eb   Section       12  fdilink_decode.o(.bss)
    .bss                                     0x200007f7   Section       12  fdilink_decode.o(.bss)
    .bss                                     0x20000803   Section       16  fdilink_decode.o(.bss)
    .bss                                     0x20000813   Section       12  fdilink_decode.o(.bss)
    .bss                                     0x2000081f   Section       16  fdilink_decode.o(.bss)
    .bss                                     0x2000082f   Section       36  fdilink_decode.o(.bss)
    .bss                                     0x20000853   Section       12  fdilink_decode.o(.bss)
    .bss                                     0x2000085f   Section       12  fdilink_decode.o(.bss)
    .bss                                     0x2000086b   Section       60  fdilink_decode.o(.bss)
    .bss                                     0x200008a7   Section       36  fdilink_decode.o(.bss)
    .bss                                     0x200008cb   Section       24  fdilink_decode.o(.bss)
    .bss                                     0x200008e3   Section       16  fdilink_decode.o(.bss)
    .bss                                     0x200008f3   Section       12  fdilink_decode.o(.bss)
    .bss                                     0x200008ff   Section       20  fdilink_decode.o(.bss)
    .bss                                     0x20000913   Section      255  fdilink_decode.o(.bss)
    .bss                                     0x20000a12   Section       12  fdilink_decode.o(.bss)
    .bss                                     0x20000a1e   Section       16  fdilink_decode.o(.bss)
    .bss                                     0x20000a2e   Section       48  fdilink_decode.o(.bss)
    .bss                                     0x20000a5e   Section       13  fdilink_decode.o(.bss)
    .bss                                     0x20000a6b   Section       25  fdilink_decode.o(.bss)
    .bss                                     0x20000a84   Section       24  fdilink_decode.o(.bss)
    .bss                                     0x20000a9c   Section       27  fdilink_decode.o(.bss)
    .bss                                     0x20000ab7   Section       73  fdilink_decode.o(.bss)
    .bss                                     0x20000b00   Section        9  fdilink_decode.o(.bss)
    .bss                                     0x20000b09   Section       49  fdilink_decode.o(.bss)
    .bss                                     0x20000b3a   Section       64  fdilink_decode.o(.bss)
    .bss                                     0x20000b7a   Section       46  fdilink_decode.o(.bss)
    .bss                                     0x20000ba8   Section      124  balance.o(.bss)
    STACK                                    0x20000c28   Section     1024  startup_stm32f407xx.o(STACK)

    Global Symbols

    Symbol Name                              Value     Ov Type        Size  Object(Section)

    BuildAttributes$$THM_ISAv4$E$P$D$K$B$S$7EM$VFPi3$EXTD16$VFPS$VFMA$PE$A:L22UL41UL21$X:L11$S22US41US21$IEEE1$IW$USESV6$~STKCKD$USESV7$~SHL$OTIME$ROPI$IEEEX$EBA8$MICROLIB$REQ8$PRES8$EABIv2 0x00000000   Number         0  anon$$obj.o ABSOLUTE
    __ARM_use_no_argv                        0x00000000   Number         0  main.o ABSOLUTE
    _printf_a                                0x00000000   Number         0  stubs.o ABSOLUTE
    _printf_c                                0x00000000   Number         0  stubs.o ABSOLUTE
    _printf_charcount                        0x00000000   Number         0  stubs.o ABSOLUTE
    _printf_d                                0x00000000   Number         0  stubs.o ABSOLUTE
    _printf_e                                0x00000000   Number         0  stubs.o ABSOLUTE
    _printf_f                                0x00000000   Number         0  stubs.o ABSOLUTE
    _printf_flags                            0x00000000   Number         0  stubs.o ABSOLUTE
    _printf_fp_dec                           0x00000000   Number         0  stubs.o ABSOLUTE
    _printf_fp_hex                           0x00000000   Number         0  stubs.o ABSOLUTE
    _printf_g                                0x00000000   Number         0  stubs.o ABSOLUTE
    _printf_i                                0x00000000   Number         0  stubs.o ABSOLUTE
    _printf_int_dec                          0x00000000   Number         0  stubs.o ABSOLUTE
    _printf_l                                0x00000000   Number         0  stubs.o ABSOLUTE
    _printf_lc                               0x00000000   Number         0  stubs.o ABSOLUTE
    _printf_ll                               0x00000000   Number         0  stubs.o ABSOLUTE
    _printf_lld                              0x00000000   Number         0  stubs.o ABSOLUTE
    _printf_lli                              0x00000000   Number         0  stubs.o ABSOLUTE
    _printf_llo                              0x00000000   Number         0  stubs.o ABSOLUTE
    _printf_llu                              0x00000000   Number         0  stubs.o ABSOLUTE
    _printf_llx                              0x00000000   Number         0  stubs.o ABSOLUTE
    _printf_longlong_dec                     0x00000000   Number         0  stubs.o ABSOLUTE
    _printf_longlong_hex                     0x00000000   Number         0  stubs.o ABSOLUTE
    _printf_longlong_oct                     0x00000000   Number         0  stubs.o ABSOLUTE
    _printf_ls                               0x00000000   Number         0  stubs.o ABSOLUTE
    _printf_mbtowc                           0x00000000   Number         0  stubs.o ABSOLUTE
    _printf_n                                0x00000000   Number         0  stubs.o ABSOLUTE
    _printf_o                                0x00000000   Number         0  stubs.o ABSOLUTE
    _printf_p                                0x00000000   Number         0  stubs.o ABSOLUTE
    _printf_percent                          0x00000000   Number         0  stubs.o ABSOLUTE
    _printf_pre_padding                      0x00000000   Number         0  stubs.o ABSOLUTE
    _printf_return_value                     0x00000000   Number         0  stubs.o ABSOLUTE
    _printf_s                                0x00000000   Number         0  stubs.o ABSOLUTE
    _printf_sizespec                         0x00000000   Number         0  stubs.o ABSOLUTE
    _printf_str                              0x00000000   Number         0  stubs.o ABSOLUTE
    _printf_truncate_signed                  0x00000000   Number         0  stubs.o ABSOLUTE
    _printf_truncate_unsigned                0x00000000   Number         0  stubs.o ABSOLUTE
    _printf_u                                0x00000000   Number         0  stubs.o ABSOLUTE
    _printf_wc                               0x00000000   Number         0  stubs.o ABSOLUTE
    _printf_wctomb                           0x00000000   Number         0  stubs.o ABSOLUTE
    _printf_widthprec                        0x00000000   Number         0  stubs.o ABSOLUTE
    _printf_x                                0x00000000   Number         0  stubs.o ABSOLUTE
    __arm_fini_                               - Undefined Weak Reference
    __cpp_initialize__aeabi_                  - Undefined Weak Reference
    __cxa_finalize                            - Undefined Weak Reference
    __decompress                              - Undefined Weak Reference
    _clock_init                               - Undefined Weak Reference
    _microlib_exit                            - Undefined Weak Reference
    __Vectors_Size                           0x00000188   Number         0  startup_stm32f407xx.o ABSOLUTE
    __Vectors                                0x08000000   Data           4  startup_stm32f407xx.o(RESET)
    __Vectors_End                            0x08000188   Data           0  startup_stm32f407xx.o(RESET)
    __main                                   0x08000189   Thumb Code     0  entry.o(.ARM.Collect$$$$00000000)
    _main_stk                                0x08000189   Thumb Code     0  entry2.o(.ARM.Collect$$$$00000001)
    _main_scatterload                        0x0800018d   Thumb Code     0  entry5.o(.ARM.Collect$$$$00000004)
    __main_after_scatterload                 0x08000191   Thumb Code     0  entry5.o(.ARM.Collect$$$$00000004)
    _main_clock                              0x08000191   Thumb Code     0  entry7b.o(.ARM.Collect$$$$00000008)
    _main_cpp_init                           0x08000191   Thumb Code     0  entry8b.o(.ARM.Collect$$$$0000000A)
    _main_init                               0x08000191   Thumb Code     0  entry9a.o(.ARM.Collect$$$$0000000B)
    __rt_lib_shutdown_fini                   0x08000199   Thumb Code     0  entry12b.o(.ARM.Collect$$$$0000000E)
    __rt_final_cpp                           0x0800019d   Thumb Code     0  entry10a.o(.ARM.Collect$$$$0000000F)
    __rt_final_exit                          0x0800019d   Thumb Code     0  entry11a.o(.ARM.Collect$$$$00000011)
    Reset_Handler                            0x080001a1   Thumb Code     8  startup_stm32f407xx.o(.text)
    ADC_IRQHandler                           0x080001bb   Thumb Code     0  startup_stm32f407xx.o(.text)
    CAN1_RX1_IRQHandler                      0x080001bb   Thumb Code     0  startup_stm32f407xx.o(.text)
    CAN1_SCE_IRQHandler                      0x080001bb   Thumb Code     0  startup_stm32f407xx.o(.text)
    CAN1_TX_IRQHandler                       0x080001bb   Thumb Code     0  startup_stm32f407xx.o(.text)
    CAN2_RX0_IRQHandler                      0x080001bb   Thumb Code     0  startup_stm32f407xx.o(.text)
    CAN2_RX1_IRQHandler                      0x080001bb   Thumb Code     0  startup_stm32f407xx.o(.text)
    CAN2_SCE_IRQHandler                      0x080001bb   Thumb Code     0  startup_stm32f407xx.o(.text)
    CAN2_TX_IRQHandler                       0x080001bb   Thumb Code     0  startup_stm32f407xx.o(.text)
    DCMI_IRQHandler                          0x080001bb   Thumb Code     0  startup_stm32f407xx.o(.text)
    DMA1_Stream0_IRQHandler                  0x080001bb   Thumb Code     0  startup_stm32f407xx.o(.text)
    DMA1_Stream2_IRQHandler                  0x080001bb   Thumb Code     0  startup_stm32f407xx.o(.text)
    DMA1_Stream4_IRQHandler                  0x080001bb   Thumb Code     0  startup_stm32f407xx.o(.text)
    DMA1_Stream5_IRQHandler                  0x080001bb   Thumb Code     0  startup_stm32f407xx.o(.text)
    DMA1_Stream6_IRQHandler                  0x080001bb   Thumb Code     0  startup_stm32f407xx.o(.text)
    DMA1_Stream7_IRQHandler                  0x080001bb   Thumb Code     0  startup_stm32f407xx.o(.text)
    DMA2_Stream0_IRQHandler                  0x080001bb   Thumb Code     0  startup_stm32f407xx.o(.text)
    DMA2_Stream1_IRQHandler                  0x080001bb   Thumb Code     0  startup_stm32f407xx.o(.text)
    DMA2_Stream2_IRQHandler                  0x080001bb   Thumb Code     0  startup_stm32f407xx.o(.text)
    DMA2_Stream3_IRQHandler                  0x080001bb   Thumb Code     0  startup_stm32f407xx.o(.text)
    DMA2_Stream4_IRQHandler                  0x080001bb   Thumb Code     0  startup_stm32f407xx.o(.text)
    DMA2_Stream5_IRQHandler                  0x080001bb   Thumb Code     0  startup_stm32f407xx.o(.text)
    DMA2_Stream6_IRQHandler                  0x080001bb   Thumb Code     0  startup_stm32f407xx.o(.text)
    DMA2_Stream7_IRQHandler                  0x080001bb   Thumb Code     0  startup_stm32f407xx.o(.text)
    ETH_IRQHandler                           0x080001bb   Thumb Code     0  startup_stm32f407xx.o(.text)
    ETH_WKUP_IRQHandler                      0x080001bb   Thumb Code     0  startup_stm32f407xx.o(.text)
    EXTI0_IRQHandler                         0x080001bb   Thumb Code     0  startup_stm32f407xx.o(.text)
    EXTI15_10_IRQHandler                     0x080001bb   Thumb Code     0  startup_stm32f407xx.o(.text)
    EXTI1_IRQHandler                         0x080001bb   Thumb Code     0  startup_stm32f407xx.o(.text)
    EXTI2_IRQHandler                         0x080001bb   Thumb Code     0  startup_stm32f407xx.o(.text)
    EXTI3_IRQHandler                         0x080001bb   Thumb Code     0  startup_stm32f407xx.o(.text)
    EXTI4_IRQHandler                         0x080001bb   Thumb Code     0  startup_stm32f407xx.o(.text)
    EXTI9_5_IRQHandler                       0x080001bb   Thumb Code     0  startup_stm32f407xx.o(.text)
    FLASH_IRQHandler                         0x080001bb   Thumb Code     0  startup_stm32f407xx.o(.text)
    FMC_IRQHandler                           0x080001bb   Thumb Code     0  startup_stm32f407xx.o(.text)
    FPU_IRQHandler                           0x080001bb   Thumb Code     0  startup_stm32f407xx.o(.text)
    HASH_RNG_IRQHandler                      0x080001bb   Thumb Code     0  startup_stm32f407xx.o(.text)
    I2C1_ER_IRQHandler                       0x080001bb   Thumb Code     0  startup_stm32f407xx.o(.text)
    I2C1_EV_IRQHandler                       0x080001bb   Thumb Code     0  startup_stm32f407xx.o(.text)
    I2C2_ER_IRQHandler                       0x080001bb   Thumb Code     0  startup_stm32f407xx.o(.text)
    I2C2_EV_IRQHandler                       0x080001bb   Thumb Code     0  startup_stm32f407xx.o(.text)
    I2C3_ER_IRQHandler                       0x080001bb   Thumb Code     0  startup_stm32f407xx.o(.text)
    I2C3_EV_IRQHandler                       0x080001bb   Thumb Code     0  startup_stm32f407xx.o(.text)
    OTG_FS_IRQHandler                        0x080001bb   Thumb Code     0  startup_stm32f407xx.o(.text)
    OTG_FS_WKUP_IRQHandler                   0x080001bb   Thumb Code     0  startup_stm32f407xx.o(.text)
    OTG_HS_EP1_IN_IRQHandler                 0x080001bb   Thumb Code     0  startup_stm32f407xx.o(.text)
    OTG_HS_EP1_OUT_IRQHandler                0x080001bb   Thumb Code     0  startup_stm32f407xx.o(.text)
    OTG_HS_IRQHandler                        0x080001bb   Thumb Code     0  startup_stm32f407xx.o(.text)
    OTG_HS_WKUP_IRQHandler                   0x080001bb   Thumb Code     0  startup_stm32f407xx.o(.text)
    PVD_IRQHandler                           0x080001bb   Thumb Code     0  startup_stm32f407xx.o(.text)
    RCC_IRQHandler                           0x080001bb   Thumb Code     0  startup_stm32f407xx.o(.text)
    RTC_Alarm_IRQHandler                     0x080001bb   Thumb Code     0  startup_stm32f407xx.o(.text)
    RTC_WKUP_IRQHandler                      0x080001bb   Thumb Code     0  startup_stm32f407xx.o(.text)
    SDIO_IRQHandler                          0x080001bb   Thumb Code     0  startup_stm32f407xx.o(.text)
    SPI1_IRQHandler                          0x080001bb   Thumb Code     0  startup_stm32f407xx.o(.text)
    SPI2_IRQHandler                          0x080001bb   Thumb Code     0  startup_stm32f407xx.o(.text)
    SPI3_IRQHandler                          0x080001bb   Thumb Code     0  startup_stm32f407xx.o(.text)
    TAMP_STAMP_IRQHandler                    0x080001bb   Thumb Code     0  startup_stm32f407xx.o(.text)
    TIM1_BRK_TIM9_IRQHandler                 0x080001bb   Thumb Code     0  startup_stm32f407xx.o(.text)
    TIM1_CC_IRQHandler                       0x080001bb   Thumb Code     0  startup_stm32f407xx.o(.text)
    TIM1_TRG_COM_TIM11_IRQHandler            0x080001bb   Thumb Code     0  startup_stm32f407xx.o(.text)
    TIM1_UP_TIM10_IRQHandler                 0x080001bb   Thumb Code     0  startup_stm32f407xx.o(.text)
    TIM4_IRQHandler                          0x080001bb   Thumb Code     0  startup_stm32f407xx.o(.text)
    TIM5_IRQHandler                          0x080001bb   Thumb Code     0  startup_stm32f407xx.o(.text)
    TIM6_DAC_IRQHandler                      0x080001bb   Thumb Code     0  startup_stm32f407xx.o(.text)
    TIM7_IRQHandler                          0x080001bb   Thumb Code     0  startup_stm32f407xx.o(.text)
    TIM8_BRK_TIM12_IRQHandler                0x080001bb   Thumb Code     0  startup_stm32f407xx.o(.text)
    TIM8_CC_IRQHandler                       0x080001bb   Thumb Code     0  startup_stm32f407xx.o(.text)
    TIM8_TRG_COM_TIM14_IRQHandler            0x080001bb   Thumb Code     0  startup_stm32f407xx.o(.text)
    TIM8_UP_TIM13_IRQHandler                 0x080001bb   Thumb Code     0  startup_stm32f407xx.o(.text)
    UART4_IRQHandler                         0x080001bb   Thumb Code     0  startup_stm32f407xx.o(.text)
    UART5_IRQHandler                         0x080001bb   Thumb Code     0  startup_stm32f407xx.o(.text)
    USART1_IRQHandler                        0x080001bb   Thumb Code     0  startup_stm32f407xx.o(.text)
    USART2_IRQHandler                        0x080001bb   Thumb Code     0  startup_stm32f407xx.o(.text)
    USART6_IRQHandler                        0x080001bb   Thumb Code     0  startup_stm32f407xx.o(.text)
    WWDG_IRQHandler                          0x080001bb   Thumb Code     0  startup_stm32f407xx.o(.text)
    __aeabi_uldivmod                         0x080001c5   Thumb Code    98  uldiv.o(.text)
    __aeabi_memcpy                           0x08000227   Thumb Code    36  memcpya.o(.text)
    __aeabi_memcpy4                          0x08000227   Thumb Code     0  memcpya.o(.text)
    __aeabi_memcpy8                          0x08000227   Thumb Code     0  memcpya.o(.text)
    __aeabi_memset                           0x0800024b   Thumb Code    14  memseta.o(.text)
    __aeabi_memset4                          0x0800024b   Thumb Code     0  memseta.o(.text)
    __aeabi_memset8                          0x0800024b   Thumb Code     0  memseta.o(.text)
    __aeabi_memclr                           0x08000259   Thumb Code     4  memseta.o(.text)
    __aeabi_memclr4                          0x08000259   Thumb Code     0  memseta.o(.text)
    __aeabi_memclr8                          0x08000259   Thumb Code     0  memseta.o(.text)
    _memset$wrapper                          0x0800025d   Thumb Code    18  memseta.o(.text)
    __aeabi_dadd                             0x0800026f   Thumb Code   322  dadd.o(.text)
    __aeabi_dsub                             0x080003b1   Thumb Code     6  dadd.o(.text)
    __aeabi_drsub                            0x080003b7   Thumb Code     6  dadd.o(.text)
    __aeabi_dmul                             0x080003bd   Thumb Code   228  dmul.o(.text)
    __aeabi_f2d                              0x080004a1   Thumb Code    38  f2d.o(.text)
    __aeabi_d2f                              0x080004c7   Thumb Code    56  d2f.o(.text)
    __aeabi_llsl                             0x080004ff   Thumb Code    30  llshl.o(.text)
    _ll_shift_l                              0x080004ff   Thumb Code     0  llshl.o(.text)
    __aeabi_llsr                             0x0800051d   Thumb Code    32  llushr.o(.text)
    _ll_ushift_r                             0x0800051d   Thumb Code     0  llushr.o(.text)
    __aeabi_lasr                             0x0800053d   Thumb Code    36  llsshr.o(.text)
    _ll_sshift_r                             0x0800053d   Thumb Code     0  llsshr.o(.text)
    __I$use$fp                               0x08000561   Thumb Code     0  iusefp.o(.text)
    _float_round                             0x08000561   Thumb Code    18  fepilogue.o(.text)
    _float_epilogue                          0x08000573   Thumb Code    92  fepilogue.o(.text)
    _double_round                            0x080005cf   Thumb Code    30  depilogue.o(.text)
    _double_epilogue                         0x080005ed   Thumb Code   156  depilogue.o(.text)
    __aeabi_ddiv                             0x08000689   Thumb Code   222  ddiv.o(.text)
    __aeabi_cdcmpeq                          0x08000769   Thumb Code     0  cdcmple.o(.text)
    __aeabi_cdcmple                          0x08000769   Thumb Code    48  cdcmple.o(.text)
    __scatterload                            0x08000799   Thumb Code    28  init.o(.text)
    __scatterload_rt2                        0x08000799   Thumb Code     0  init.o(.text)
    _dsqrt                                   0x080007bd   Thumb Code   162  dsqrt.o(.text)
    BusFault_Handler                         0x0800085f   Thumb Code     2  stm32f4xx_it.o(i.BusFault_Handler)
    CAN1_RX0_IRQHandler                      0x08000861   Thumb Code     6  stm32f4xx_it.o(i.CAN1_RX0_IRQHandler)
    CAN_Init                                 0x0800086d   Thumb Code   110  can.o(i.CAN_Init)
    CAN_TxRTR                                0x080008e5   Thumb Code    32  can.o(i.CAN_TxRTR)
    DMA1_Stream1_IRQHandler                  0x08000909   Thumb Code     6  stm32f4xx_it.o(i.DMA1_Stream1_IRQHandler)
    DMA1_Stream3_IRQHandler                  0x08000915   Thumb Code     6  stm32f4xx_it.o(i.DMA1_Stream3_IRQHandler)
    DebugMon_Handler                         0x080009c5   Thumb Code     2  stm32f4xx_it.o(i.DebugMon_Handler)
    Error_Handler                            0x080009c7   Thumb Code     4  main.o(i.Error_Handler)
    FDILink_Error                            0x080009cb   Thumb Code    12  fdilink.o(i.FDILink_Error)
    FDILink_Insert                           0x080009d7   Thumb Code    48  fdilink.o(i.FDILink_Insert)
    FDILink_Receive                          0x08000a07   Thumb Code    44  fdilink.o(i.FDILink_Receive)
    FDILink_Reset                            0x08000a33   Thumb Code    14  fdilink.o(i.FDILink_Reset)
    FDILink_RunningData                      0x08000a41   Thumb Code   186  fdilink.o(i.FDILink_RunningData)
    HAL_CAN_ActivateNotification             0x08000afb   Thumb Code    36  stm32f4xx_hal_can.o(i.HAL_CAN_ActivateNotification)
    HAL_CAN_AddTxMessage                     0x08000b1f   Thumb Code   208  stm32f4xx_hal_can.o(i.HAL_CAN_AddTxMessage)
    HAL_CAN_ConfigFilter                     0x08000bf1   Thumb Code   262  stm32f4xx_hal_can.o(i.HAL_CAN_ConfigFilter)
    HAL_CAN_ErrorCallback                    0x08000cfd   Thumb Code     2  stm32f4xx_hal_can.o(i.HAL_CAN_ErrorCallback)
    HAL_CAN_GetRxMessage                     0x08000cff   Thumb Code   244  stm32f4xx_hal_can.o(i.HAL_CAN_GetRxMessage)
    HAL_CAN_IRQHandler                       0x08000df3   Thumb Code   508  stm32f4xx_hal_can.o(i.HAL_CAN_IRQHandler)
    HAL_CAN_Init                             0x08000fef   Thumb Code   282  stm32f4xx_hal_can.o(i.HAL_CAN_Init)
    HAL_CAN_MspInit                          0x08001109   Thumb Code   106  can.o(i.HAL_CAN_MspInit)
    HAL_CAN_RxFifo0FullCallback              0x08001181   Thumb Code     2  stm32f4xx_hal_can.o(i.HAL_CAN_RxFifo0FullCallback)
    HAL_CAN_RxFifo0MsgPendingCallback        0x08001185   Thumb Code    58  main.o(i.HAL_CAN_RxFifo0MsgPendingCallback)
    HAL_CAN_RxFifo1FullCallback              0x080011cd   Thumb Code     2  stm32f4xx_hal_can.o(i.HAL_CAN_RxFifo1FullCallback)
    HAL_CAN_RxFifo1MsgPendingCallback        0x080011cf   Thumb Code     2  stm32f4xx_hal_can.o(i.HAL_CAN_RxFifo1MsgPendingCallback)
    HAL_CAN_SleepCallback                    0x080011d1   Thumb Code     2  stm32f4xx_hal_can.o(i.HAL_CAN_SleepCallback)
    HAL_CAN_Start                            0x080011d5   Thumb Code    88  stm32f4xx_hal_can.o(i.HAL_CAN_Start)
    HAL_CAN_TxMailbox0AbortCallback          0x0800122d   Thumb Code     2  stm32f4xx_hal_can.o(i.HAL_CAN_TxMailbox0AbortCallback)
    HAL_CAN_TxMailbox0CompleteCallback       0x0800122f   Thumb Code     2  stm32f4xx_hal_can.o(i.HAL_CAN_TxMailbox0CompleteCallback)
    HAL_CAN_TxMailbox1AbortCallback          0x08001231   Thumb Code     2  stm32f4xx_hal_can.o(i.HAL_CAN_TxMailbox1AbortCallback)
    HAL_CAN_TxMailbox1CompleteCallback       0x08001233   Thumb Code     2  stm32f4xx_hal_can.o(i.HAL_CAN_TxMailbox1CompleteCallback)
    HAL_CAN_TxMailbox2AbortCallback          0x08001235   Thumb Code     2  stm32f4xx_hal_can.o(i.HAL_CAN_TxMailbox2AbortCallback)
    HAL_CAN_TxMailbox2CompleteCallback       0x08001237   Thumb Code     2  stm32f4xx_hal_can.o(i.HAL_CAN_TxMailbox2CompleteCallback)
    HAL_CAN_WakeUpFromRxMsgCallback          0x08001239   Thumb Code     2  stm32f4xx_hal_can.o(i.HAL_CAN_WakeUpFromRxMsgCallback)
    HAL_DMA_Abort                            0x0800123b   Thumb Code   146  stm32f4xx_hal_dma.o(i.HAL_DMA_Abort)
    HAL_DMA_Abort_IT                         0x080012cd   Thumb Code    36  stm32f4xx_hal_dma.o(i.HAL_DMA_Abort_IT)
    HAL_DMA_IRQHandler                       0x080012f1   Thumb Code   412  stm32f4xx_hal_dma.o(i.HAL_DMA_IRQHandler)
    HAL_DMA_Init                             0x08001491   Thumb Code   206  stm32f4xx_hal_dma.o(i.HAL_DMA_Init)
    HAL_DMA_Start_IT                         0x08001565   Thumb Code   110  stm32f4xx_hal_dma.o(i.HAL_DMA_Start_IT)
    HAL_GPIO_Init                            0x080015d5   Thumb Code   450  stm32f4xx_hal_gpio.o(i.HAL_GPIO_Init)
    HAL_GetTick                              0x080017c5   Thumb Code     6  stm32f4xx_hal.o(i.HAL_GetTick)
    HAL_IncTick                              0x080017d1   Thumb Code    12  stm32f4xx_hal.o(i.HAL_IncTick)
    HAL_Init                                 0x080017e1   Thumb Code    48  stm32f4xx_hal.o(i.HAL_Init)
    HAL_InitTick                             0x08001815   Thumb Code    54  stm32f4xx_hal.o(i.HAL_InitTick)
    HAL_MspInit                              0x08001855   Thumb Code    42  stm32f4xx_hal_msp.o(i.HAL_MspInit)
    HAL_NVIC_EnableIRQ                       0x08001885   Thumb Code    26  stm32f4xx_hal_cortex.o(i.HAL_NVIC_EnableIRQ)
    HAL_NVIC_SetPriority                     0x080018a1   Thumb Code    60  stm32f4xx_hal_cortex.o(i.HAL_NVIC_SetPriority)
    HAL_NVIC_SetPriorityGrouping             0x080018e1   Thumb Code    26  stm32f4xx_hal_cortex.o(i.HAL_NVIC_SetPriorityGrouping)
    HAL_RCC_ClockConfig                      0x08001905   Thumb Code   288  stm32f4xx_hal_rcc.o(i.HAL_RCC_ClockConfig)
    HAL_RCC_GetPCLK1Freq                     0x08001a39   Thumb Code    20  stm32f4xx_hal_rcc.o(i.HAL_RCC_GetPCLK1Freq)
    HAL_RCC_GetPCLK2Freq                     0x08001a59   Thumb Code    20  stm32f4xx_hal_rcc.o(i.HAL_RCC_GetPCLK2Freq)
    HAL_RCC_GetSysClockFreq                  0x08001a79   Thumb Code    88  stm32f4xx_hal_rcc.o(i.HAL_RCC_GetSysClockFreq)
    HAL_RCC_OscConfig                        0x08001ad9   Thumb Code   856  stm32f4xx_hal_rcc.o(i.HAL_RCC_OscConfig)
    HAL_SYSTICK_Config                       0x08001e45   Thumb Code    40  stm32f4xx_hal_cortex.o(i.HAL_SYSTICK_Config)
    HAL_TIMEx_BreakCallback                  0x08001e6d   Thumb Code     2  stm32f4xx_hal_tim_ex.o(i.HAL_TIMEx_BreakCallback)
    HAL_TIMEx_CommutCallback                 0x08001e6f   Thumb Code     2  stm32f4xx_hal_tim_ex.o(i.HAL_TIMEx_CommutCallback)
    HAL_TIMEx_MasterConfigSynchronization    0x08001e71   Thumb Code   116  stm32f4xx_hal_tim_ex.o(i.HAL_TIMEx_MasterConfigSynchronization)
    HAL_TIM_Base_Init                        0x08001f01   Thumb Code    90  stm32f4xx_hal_tim.o(i.HAL_TIM_Base_Init)
    HAL_TIM_Base_MspInit                     0x08001f5d   Thumb Code    86  tim.o(i.HAL_TIM_Base_MspInit)
    HAL_TIM_Base_Start_IT                    0x08001fbd   Thumb Code   100  stm32f4xx_hal_tim.o(i.HAL_TIM_Base_Start_IT)
    HAL_TIM_ConfigClockSource                0x0800203d   Thumb Code   220  stm32f4xx_hal_tim.o(i.HAL_TIM_ConfigClockSource)
    HAL_TIM_IC_CaptureCallback               0x08002119   Thumb Code     2  stm32f4xx_hal_tim.o(i.HAL_TIM_IC_CaptureCallback)
    HAL_TIM_IRQHandler                       0x0800211b   Thumb Code   304  stm32f4xx_hal_tim.o(i.HAL_TIM_IRQHandler)
    HAL_TIM_OC_DelayElapsedCallback          0x0800224b   Thumb Code     2  stm32f4xx_hal_tim.o(i.HAL_TIM_OC_DelayElapsedCallback)
    HAL_TIM_PWM_PulseFinishedCallback        0x0800224d   Thumb Code     2  stm32f4xx_hal_tim.o(i.HAL_TIM_PWM_PulseFinishedCallback)
    HAL_TIM_PeriodElapsedCallback            0x08002251   Thumb Code    50  main.o(i.HAL_TIM_PeriodElapsedCallback)
    HAL_TIM_TriggerCallback                  0x08002295   Thumb Code     2  stm32f4xx_hal_tim.o(i.HAL_TIM_TriggerCallback)
    HAL_UARTEx_RxEventCallback               0x08002297   Thumb Code     2  stm32f4xx_hal_uart.o(i.HAL_UARTEx_RxEventCallback)
    HAL_UART_ErrorCallback                   0x08002299   Thumb Code     2  stm32f4xx_hal_uart.o(i.HAL_UART_ErrorCallback)
    HAL_UART_IRQHandler                      0x0800229d   Thumb Code   618  stm32f4xx_hal_uart.o(i.HAL_UART_IRQHandler)
    HAL_UART_Init                            0x0800250d   Thumb Code   100  stm32f4xx_hal_uart.o(i.HAL_UART_Init)
    HAL_UART_MspInit                         0x08002571   Thumb Code   320  usart.o(i.HAL_UART_MspInit)
    HAL_UART_Receive_DMA                     0x080026d1   Thumb Code    28  stm32f4xx_hal_uart.o(i.HAL_UART_Receive_DMA)
    HAL_UART_RxCpltCallback                  0x080026ed   Thumb Code     2  stm32f4xx_hal_uart.o(i.HAL_UART_RxCpltCallback)
    HAL_UART_RxHalfCpltCallback              0x080026ef   Thumb Code     2  stm32f4xx_hal_uart.o(i.HAL_UART_RxHalfCpltCallback)
    HAL_UART_Transmit                        0x080026f1   Thumb Code   160  stm32f4xx_hal_uart.o(i.HAL_UART_Transmit)
    HAL_UART_TxCpltCallback                  0x08002791   Thumb Code     2  stm32f4xx_hal_uart.o(i.HAL_UART_TxCpltCallback)
    HardFault_Handler                        0x08002793   Thumb Code     2  stm32f4xx_it.o(i.HardFault_Handler)
    LQR_operation                            0x08002795   Thumb Code   218  balance.o(i.LQR_operation)
    MX_CAN1_Init                             0x0800288d   Thumb Code    60  can.o(i.MX_CAN1_Init)
    MX_DMA_Init                              0x080028d1   Thumb Code    56  dma.o(i.MX_DMA_Init)
    MX_GPIO_Init                             0x0800290d   Thumb Code    86  gpio.o(i.MX_GPIO_Init)
    MX_TIM2_Init                             0x08002969   Thumb Code    98  tim.o(i.MX_TIM2_Init)
    MX_TIM3_Init                             0x080029d1   Thumb Code    96  tim.o(i.MX_TIM3_Init)
    MX_USART1_UART_Init                      0x08002a39   Thumb Code    48  usart.o(i.MX_USART1_UART_Init)
    MX_USART2_UART_Init                      0x08002a71   Thumb Code    48  usart.o(i.MX_USART2_UART_Init)
    MX_USART3_UART_Init                      0x08002aa9   Thumb Code    48  usart.o(i.MX_USART3_UART_Init)
    MemManage_Handler                        0x08002ae1   Thumb Code     2  stm32f4xx_it.o(i.MemManage_Handler)
    NMI_Handler                              0x08002ae3   Thumb Code     2  stm32f4xx_it.o(i.NMI_Handler)
    OdriveGetEncoderFeedback                 0x08002ae5   Thumb Code    14  odriver.o(i.OdriveGetEncoderFeedback)
    OdriveGet_VOLTAGE_Gurren                 0x08002af9   Thumb Code    14  odriver.o(i.OdriveGet_VOLTAGE_Gurren)
    OdriveInit                               0x08002b0d   Thumb Code    12  odriver.o(i.OdriveInit)
    PendSV_Handler                           0x08002b19   Thumb Code     2  stm32f4xx_it.o(i.PendSV_Handler)
    SVC_Handler                              0x08002b1b   Thumb Code     2  stm32f4xx_it.o(i.SVC_Handler)
    SysTick_Handler                          0x08002b1d   Thumb Code     4  stm32f4xx_it.o(i.SysTick_Handler)
    SystemClock_Config                       0x08002b21   Thumb Code   138  main.o(i.SystemClock_Config)
    SystemInit                               0x08002bb5   Thumb Code    12  system_stm32f4xx.o(i.SystemInit)
    TIM2_IRQHandler                          0x08002bc5   Thumb Code     6  stm32f4xx_it.o(i.TIM2_IRQHandler)
    TIM3_IRQHandler                          0x08002bd1   Thumb Code     6  stm32f4xx_it.o(i.TIM3_IRQHandler)
    TIM_Base_SetConfig                       0x08002bdd   Thumb Code   170  stm32f4xx_hal_tim.o(i.TIM_Base_SetConfig)
    TIM_ETR_SetConfig                        0x08002cb5   Thumb Code    20  stm32f4xx_hal_tim.o(i.TIM_ETR_SetConfig)
    UART_Start_Receive_DMA                   0x08003055   Thumb Code   130  stm32f4xx_hal_uart.o(i.UART_Start_Receive_DMA)
    USART3_IRQHandler                        0x08003159   Thumb Code     6  stm32f4xx_it.o(i.USART3_IRQHandler)
    UsageFault_Handler                       0x08003165   Thumb Code     2  stm32f4xx_it.o(i.UsageFault_Handler)
    __0printf$5                              0x08003169   Thumb Code    22  printf5.o(i.__0printf$5)
    __1printf$5                              0x08003169   Thumb Code     0  printf5.o(i.__0printf$5)
    __2printf                                0x08003169   Thumb Code     0  printf5.o(i.__0printf$5)
    __ARM_fpclassify                         0x08003189   Thumb Code    48  fpclassify.o(i.__ARM_fpclassify)
    __hardfp_asin                            0x080031d9   Thumb Code   770  asin.o(i.__hardfp_asin)
    __hardfp_atan                            0x08003539   Thumb Code   622  atan.o(i.__hardfp_atan)
    __hardfp_atan2                           0x08003811   Thumb Code   448  atan2.o(i.__hardfp_atan2)
    __kernel_poly                            0x08003a11   Thumb Code   248  poly.o(i.__kernel_poly)
    __mathlib_dbl_infnan                     0x08003b09   Thumb Code    20  dunder.o(i.__mathlib_dbl_infnan)
    __mathlib_dbl_infnan2                    0x08003b1d   Thumb Code    20  dunder.o(i.__mathlib_dbl_infnan2)
    __mathlib_dbl_invalid                    0x08003b31   Thumb Code    24  dunder.o(i.__mathlib_dbl_invalid)
    __mathlib_dbl_underflow                  0x08003b51   Thumb Code    24  dunder.o(i.__mathlib_dbl_underflow)
    __scatterload_copy                       0x08003b71   Thumb Code    14  handlers.o(i.__scatterload_copy)
    __scatterload_null                       0x08003b7f   Thumb Code     2  handlers.o(i.__scatterload_null)
    __scatterload_zeroinit                   0x08003b81   Thumb Code    14  handlers.o(i.__scatterload_zeroinit)
    __set_errno                              0x08003b91   Thumb Code     6  errno.o(i.__set_errno)
    atan                                     0x08003e5d   Thumb Code    16  atan.o(i.atan)
    decode_Odrive                            0x08003e6d   Thumb Code    88  odriver.o(i.decode_Odrive)
    fabs                                     0x08003ed9   Thumb Code    24  fabs.o(i.fabs)
    fputc                                    0x08003ef1   Thumb Code    20  usart.o(i.fputc)
    interrupt_imu_date                       0x08003f09   Thumb Code   130  fdilink_decode.o(i.interrupt_imu_date)
    main                                     0x08003fa1   Thumb Code    92  main.o(i.main)
    sqrt                                     0x08004107   Thumb Code   110  sqrt.o(i.sqrt)
    AHBPrescTable                            0x0800417c   Data          16  system_stm32f4xx.o(.constdata)
    APBPrescTable                            0x0800418c   Data           8  system_stm32f4xx.o(.constdata)
    FDILink_Buffer_List                      0x08004194   Data        1024  fdilink_decode.o(.constdata)
    __mathlib_zero                           0x08004680   Data           8  qnan.o(.constdata)
    Region$$Table$$Base                      0x08004688   Number         0  anon$$obj.o(Region$$Table)
    Region$$Table$$Limit                     0x080046a8   Number         0  anon$$obj.o(Region$$Table)
    andy_bike_point                          0x20000000   Data           4  main.o(.data)
    uwTickFreq                               0x20000004   Data           1  stm32f4xx_hal.o(.data)
    uwTickPrio                               0x20000008   Data           4  stm32f4xx_hal.o(.data)
    uwTick                                   0x2000000c   Data           4  stm32f4xx_hal.o(.data)
    SystemCoreClock                          0x20000010   Data           4  system_stm32f4xx.o(.data)
    FDILink_Index                            0x20000014   Data           4  fdilink_decode.o(.data)
    Unix_Time_Recive                         0x20000024   Data           8  fdilink_decode.o(.data)
    Status_Recive                            0x2000002c   Data           4  fdilink_decode.o(.data)
    Detailed_Satellites_Recive               0x20000030   Data           7  fdilink_decode.o(.data)
    External_Heading_Recive                  0x20000037   Data           8  fdilink_decode.o(.data)
    Running_Time_Recive                      0x2000003f   Data           8  fdilink_decode.o(.data)
    External_Time_Recive                     0x20000047   Data           8  fdilink_decode.o(.data)
    External_Depth_Recive                    0x2000004f   Data           8  fdilink_decode.o(.data)
    Geoid_Height_Recive                      0x20000057   Data           4  fdilink_decode.o(.data)
    External_Pitot_Pressure_Recive           0x2000005b   Data           8  fdilink_decode.o(.data)
    Gimbal_State_Recive                      0x20000063   Data           8  fdilink_decode.o(.data)
    Packet_Timer_Period_Recive               0x2000006b   Data           4  fdilink_decode.o(.data)
    Magnetic_Calibration_Configuration_Recive 0x2000006f   Data           1  fdilink_decode.o(.data)
    Magnetic_Calibration_Status_Recive       0x20000070   Data           3  fdilink_decode.o(.data)
    Odometer_Configuration_Recive            0x20000073   Data           8  fdilink_decode.o(.data)
    Set_Zero_Orientation_Alignment_Recive    0x2000007b   Data           5  fdilink_decode.o(.data)
    __stdout                                 0x200000a4   Data           4  stdout.o(.data)
    odrive_andy                              0x200000ac   Data          56  main.o(.bss)
    Odrvmsg                                  0x200000e4   Data          36  main.o(.bss)
    TXHeader                                 0x20000108   Data          24  can.o(.bss)
    hcan1                                    0x20000120   Data          40  can.o(.bss)
    htim2                                    0x20000148   Data          72  tim.o(.bss)
    htim3                                    0x20000190   Data          72  tim.o(.bss)
    huart1                                   0x200001d8   Data          72  usart.o(.bss)
    huart2                                   0x20000220   Data          72  usart.o(.bss)
    huart3                                   0x20000268   Data          72  usart.o(.bss)
    hdma_usart3_rx                           0x200002b0   Data          96  usart.o(.bss)
    hdma_usart3_tx                           0x20000310   Data          96  usart.o(.bss)
    IMU_Recive                               0x20000370   Data          56  fdilink_decode.o(.bss)
    AHRS_Recive                              0x200003a8   Data          48  fdilink_decode.o(.bss)
    FDILink_Handler                          0x200003d8   Data         316  fdilink_decode.o(.bss)
    FDILink_Recive_Buffer                    0x20000514   Data         256  fdilink_decode.o(.bss)
    INSGPS_Recive                            0x20000614   Data          84  fdilink_decode.o(.bss)
    System_State_Recive                      0x20000668   Data         100  fdilink_decode.o(.bss)
    Formatted_Time_Recive                    0x200006cc   Data          14  fdilink_decode.o(.bss)
    Position_Standard_Deviation_Recive       0x200006da   Data          12  fdilink_decode.o(.bss)
    Velocity_Standard_Deviation_Recive       0x200006e6   Data          12  fdilink_decode.o(.bss)
    Euler_Orientation_Standard_Deviation_Recive 0x200006f2   Data          12  fdilink_decode.o(.bss)
    Quaternion_Orientation_Standard_Deviation_Recive 0x200006fe   Data          16  fdilink_decode.o(.bss)
    Raw_Sensors_Recive                       0x2000070e   Data          48  fdilink_decode.o(.bss)
    Raw_GNSS_Recive                          0x2000073e   Data          74  fdilink_decode.o(.bss)
    Satellites_Recive                        0x20000788   Data          13  fdilink_decode.o(.bss)
    Geodetic_Position_Recive                 0x20000795   Data          24  fdilink_decode.o(.bss)
    ECEF_Position_Recive                     0x200007ad   Data          24  fdilink_decode.o(.bss)
    UTM_Position_Recive                      0x200007c5   Data          26  fdilink_decode.o(.bss)
    NED_Velocity_Recive                      0x200007df   Data          12  fdilink_decode.o(.bss)
    Body_Velocity_Recive                     0x200007eb   Data          12  fdilink_decode.o(.bss)
    Acceleration_Recive                      0x200007f7   Data          12  fdilink_decode.o(.bss)
    Body_Acceleration_Recive                 0x20000803   Data          16  fdilink_decode.o(.bss)
    Euler_Orientation_Recive                 0x20000813   Data          12  fdilink_decode.o(.bss)
    Quaternion_Orientation_Recive            0x2000081f   Data          16  fdilink_decode.o(.bss)
    DCM_Orientation_Recive                   0x2000082f   Data          36  fdilink_decode.o(.bss)
    Angular_Velocity_Recive                  0x20000853   Data          12  fdilink_decode.o(.bss)
    Angular_Acceleration_Recive              0x2000085f   Data          12  fdilink_decode.o(.bss)
    External_Position_And_Velocity_Recive    0x2000086b   Data          60  fdilink_decode.o(.bss)
    External_Position_Recive                 0x200008a7   Data          36  fdilink_decode.o(.bss)
    External_Velocity_Recive                 0x200008cb   Data          24  fdilink_decode.o(.bss)
    External_Body_Velocity_Recive            0x200008e3   Data          16  fdilink_decode.o(.bss)
    Local_Magnetic_Field_Recive              0x200008f3   Data          12  fdilink_decode.o(.bss)
    Odometer_State_Recive                    0x200008ff   Data          20  fdilink_decode.o(.bss)
    RTCM_Corrections_Recive                  0x20000913   Data         255  fdilink_decode.o(.bss)
    Wind_Recive                              0x20000a12   Data          12  fdilink_decode.o(.bss)
    Heave_Recive                             0x20000a1e   Data          16  fdilink_decode.o(.bss)
    Raw_Satellite_Data_Recive                0x20000a2e   Data          48  fdilink_decode.o(.bss)
    External_Odometer_Recive                 0x20000a5e   Data          13  fdilink_decode.o(.bss)
    External_Air_Data_Recive                 0x20000a6b   Data          25  fdilink_decode.o(.bss)
    Automotive_Recive                        0x20000a84   Data          24  fdilink_decode.o(.bss)
    Packets_Period_Recive                    0x20000a9c   Data          27  fdilink_decode.o(.bss)
    Installation_Alignment_Recive            0x20000ab7   Data          73  fdilink_decode.o(.bss)
    Filter_Options_Recive                    0x20000b00   Data           9  fdilink_decode.o(.bss)
    Magnetic_Calibration_Values_Recive       0x20000b09   Data          49  fdilink_decode.o(.bss)
    User_Data_Recive                         0x20000b3a   Data          64  fdilink_decode.o(.bss)
    SOTM_Recive                              0x20000b7a   Data          46  fdilink_decode.o(.bss)
    andy_bike                                0x20000ba8   Data         124  balance.o(.bss)
    __initial_sp                             0x20001028   Data           0  startup_stm32f407xx.o(STACK)



==============================================================================

Memory Map of the image

  Image Entry point : 0x08000189

  Load Region LR_IROM1 (Base: 0x08000000, Size: 0x00004754, Max: 0x00080000, ABSOLUTE)

    Execution Region ER_IROM1 (Exec base: 0x08000000, Load base: 0x08000000, Size: 0x000046a8, Max: 0x00080000, ABSOLUTE)

    Exec Addr    Load Addr    Size         Type   Attr      Idx    E Section Name        Object

    0x08000000   0x08000000   0x00000188   Data   RO            3    RESET               startup_stm32f407xx.o
    0x08000188   0x08000188   0x00000000   Code   RO         3655  * .ARM.Collect$$$$00000000  mc_w.l(entry.o)
    0x08000188   0x08000188   0x00000004   Code   RO         3986    .ARM.Collect$$$$00000001  mc_w.l(entry2.o)
    0x0800018c   0x0800018c   0x00000004   Code   RO         3989    .ARM.Collect$$$$00000004  mc_w.l(entry5.o)
    0x08000190   0x08000190   0x00000000   Code   RO         3991    .ARM.Collect$$$$00000008  mc_w.l(entry7b.o)
    0x08000190   0x08000190   0x00000000   Code   RO         3993    .ARM.Collect$$$$0000000A  mc_w.l(entry8b.o)
    0x08000190   0x08000190   0x00000008   Code   RO         3994    .ARM.Collect$$$$0000000B  mc_w.l(entry9a.o)
    0x08000198   0x08000198   0x00000004   Code   RO         4001    .ARM.Collect$$$$0000000E  mc_w.l(entry12b.o)
    0x0800019c   0x0800019c   0x00000000   Code   RO         3996    .ARM.Collect$$$$0000000F  mc_w.l(entry10a.o)
    0x0800019c   0x0800019c   0x00000000   Code   RO         3998    .ARM.Collect$$$$00000011  mc_w.l(entry11a.o)
    0x0800019c   0x0800019c   0x00000004   Code   RO         3987    .ARM.Collect$$$$00002712  mc_w.l(entry2.o)
    0x080001a0   0x080001a0   0x00000024   Code   RO            4    .text               startup_stm32f407xx.o
    0x080001c4   0x080001c4   0x00000062   Code   RO         3658    .text               mc_w.l(uldiv.o)
    0x08000226   0x08000226   0x00000024   Code   RO         3660    .text               mc_w.l(memcpya.o)
    0x0800024a   0x0800024a   0x00000024   Code   RO         3662    .text               mc_w.l(memseta.o)
    0x0800026e   0x0800026e   0x0000014e   Code   RO         3927    .text               mf_w.l(dadd.o)
    0x080003bc   0x080003bc   0x000000e4   Code   RO         3929    .text               mf_w.l(dmul.o)
    0x080004a0   0x080004a0   0x00000026   Code   RO         3931    .text               mf_w.l(f2d.o)
    0x080004c6   0x080004c6   0x00000038   Code   RO         3933    .text               mf_w.l(d2f.o)
    0x080004fe   0x080004fe   0x0000001e   Code   RO         4005    .text               mc_w.l(llshl.o)
    0x0800051c   0x0800051c   0x00000020   Code   RO         4007    .text               mc_w.l(llushr.o)
    0x0800053c   0x0800053c   0x00000024   Code   RO         4009    .text               mc_w.l(llsshr.o)
    0x08000560   0x08000560   0x00000000   Code   RO         4018    .text               mc_w.l(iusefp.o)
    0x08000560   0x08000560   0x0000006e   Code   RO         4019    .text               mf_w.l(fepilogue.o)
    0x080005ce   0x080005ce   0x000000ba   Code   RO         4021    .text               mf_w.l(depilogue.o)
    0x08000688   0x08000688   0x000000de   Code   RO         4023    .text               mf_w.l(ddiv.o)
    0x08000766   0x08000766   0x00000002   PAD
    0x08000768   0x08000768   0x00000030   Code   RO         4029    .text               mf_w.l(cdcmple.o)
    0x08000798   0x08000798   0x00000024   Code   RO         4033    .text               mc_w.l(init.o)
    0x080007bc   0x080007bc   0x000000a2   Code   RO         4035    .text               mf_w.l(dsqrt.o)
    0x0800085e   0x0800085e   0x00000002   Code   RO          445    i.BusFault_Handler  stm32f4xx_it.o
    0x08000860   0x08000860   0x0000000c   Code   RO          446    i.CAN1_RX0_IRQHandler  stm32f4xx_it.o
    0x0800086c   0x0800086c   0x00000078   Code   RO          232    i.CAN_Init          can.o
    0x080008e4   0x080008e4   0x00000024   Code   RO          234    i.CAN_TxRTR         can.o
    0x08000908   0x08000908   0x0000000c   Code   RO          447    i.DMA1_Stream1_IRQHandler  stm32f4xx_it.o
    0x08000914   0x08000914   0x0000000c   Code   RO          448    i.DMA1_Stream3_IRQHandler  stm32f4xx_it.o
    0x08000920   0x08000920   0x00000028   Code   RO         1274    i.DMA_CalcBaseAndBitshift  stm32f4xx_hal_dma.o
    0x08000948   0x08000948   0x00000054   Code   RO         1275    i.DMA_CheckFifoParam  stm32f4xx_hal_dma.o
    0x0800099c   0x0800099c   0x00000028   Code   RO         1276    i.DMA_SetConfig     stm32f4xx_hal_dma.o
    0x080009c4   0x080009c4   0x00000002   Code   RO          449    i.DebugMon_Handler  stm32f4xx_it.o
    0x080009c6   0x080009c6   0x00000004   Code   RO           13    i.Error_Handler     main.o
    0x080009ca   0x080009ca   0x0000000c   Code   RO         3442    i.FDILink_Error     fdilink.o
    0x080009d6   0x080009d6   0x00000030   Code   RO         3443    i.FDILink_Insert    fdilink.o
    0x08000a06   0x08000a06   0x0000002c   Code   RO         3444    i.FDILink_Receive   fdilink.o
    0x08000a32   0x08000a32   0x0000000e   Code   RO         3445    i.FDILink_Reset     fdilink.o
    0x08000a40   0x08000a40   0x000000ba   Code   RO         3446    i.FDILink_RunningData  fdilink.o
    0x08000afa   0x08000afa   0x00000024   Code   RO          582    i.HAL_CAN_ActivateNotification  stm32f4xx_hal_can.o
    0x08000b1e   0x08000b1e   0x000000d0   Code   RO          583    i.HAL_CAN_AddTxMessage  stm32f4xx_hal_can.o
    0x08000bee   0x08000bee   0x00000002   PAD
    0x08000bf0   0x08000bf0   0x0000010c   Code   RO          584    i.HAL_CAN_ConfigFilter  stm32f4xx_hal_can.o
    0x08000cfc   0x08000cfc   0x00000002   Code   RO          587    i.HAL_CAN_ErrorCallback  stm32f4xx_hal_can.o
    0x08000cfe   0x08000cfe   0x000000f4   Code   RO          590    i.HAL_CAN_GetRxMessage  stm32f4xx_hal_can.o
    0x08000df2   0x08000df2   0x000001fc   Code   RO          594    i.HAL_CAN_IRQHandler  stm32f4xx_hal_can.o
    0x08000fee   0x08000fee   0x0000011a   Code   RO          595    i.HAL_CAN_Init      stm32f4xx_hal_can.o
    0x08001108   0x08001108   0x00000078   Code   RO          236    i.HAL_CAN_MspInit   can.o
    0x08001180   0x08001180   0x00000002   Code   RO          602    i.HAL_CAN_RxFifo0FullCallback  stm32f4xx_hal_can.o
    0x08001182   0x08001182   0x00000002   PAD
    0x08001184   0x08001184   0x00000048   Code   RO           14    i.HAL_CAN_RxFifo0MsgPendingCallback  main.o
    0x080011cc   0x080011cc   0x00000002   Code   RO          604    i.HAL_CAN_RxFifo1FullCallback  stm32f4xx_hal_can.o
    0x080011ce   0x080011ce   0x00000002   Code   RO          605    i.HAL_CAN_RxFifo1MsgPendingCallback  stm32f4xx_hal_can.o
    0x080011d0   0x080011d0   0x00000002   Code   RO          606    i.HAL_CAN_SleepCallback  stm32f4xx_hal_can.o
    0x080011d2   0x080011d2   0x00000002   PAD
    0x080011d4   0x080011d4   0x00000058   Code   RO          607    i.HAL_CAN_Start     stm32f4xx_hal_can.o
    0x0800122c   0x0800122c   0x00000002   Code   RO          609    i.HAL_CAN_TxMailbox0AbortCallback  stm32f4xx_hal_can.o
    0x0800122e   0x0800122e   0x00000002   Code   RO          610    i.HAL_CAN_TxMailbox0CompleteCallback  stm32f4xx_hal_can.o
    0x08001230   0x08001230   0x00000002   Code   RO          611    i.HAL_CAN_TxMailbox1AbortCallback  stm32f4xx_hal_can.o
    0x08001232   0x08001232   0x00000002   Code   RO          612    i.HAL_CAN_TxMailbox1CompleteCallback  stm32f4xx_hal_can.o
    0x08001234   0x08001234   0x00000002   Code   RO          613    i.HAL_CAN_TxMailbox2AbortCallback  stm32f4xx_hal_can.o
    0x08001236   0x08001236   0x00000002   Code   RO          614    i.HAL_CAN_TxMailbox2CompleteCallback  stm32f4xx_hal_can.o
    0x08001238   0x08001238   0x00000002   Code   RO          616    i.HAL_CAN_WakeUpFromRxMsgCallback  stm32f4xx_hal_can.o
    0x0800123a   0x0800123a   0x00000092   Code   RO         1277    i.HAL_DMA_Abort     stm32f4xx_hal_dma.o
    0x080012cc   0x080012cc   0x00000024   Code   RO         1278    i.HAL_DMA_Abort_IT  stm32f4xx_hal_dma.o
    0x080012f0   0x080012f0   0x000001a0   Code   RO         1282    i.HAL_DMA_IRQHandler  stm32f4xx_hal_dma.o
    0x08001490   0x08001490   0x000000d4   Code   RO         1283    i.HAL_DMA_Init      stm32f4xx_hal_dma.o
    0x08001564   0x08001564   0x0000006e   Code   RO         1287    i.HAL_DMA_Start_IT  stm32f4xx_hal_dma.o
    0x080015d2   0x080015d2   0x00000002   PAD
    0x080015d4   0x080015d4   0x000001f0   Code   RO         1170    i.HAL_GPIO_Init     stm32f4xx_hal_gpio.o
    0x080017c4   0x080017c4   0x0000000c   Code   RO         1708    i.HAL_GetTick       stm32f4xx_hal.o
    0x080017d0   0x080017d0   0x00000010   Code   RO         1714    i.HAL_IncTick       stm32f4xx_hal.o
    0x080017e0   0x080017e0   0x00000034   Code   RO         1715    i.HAL_Init          stm32f4xx_hal.o
    0x08001814   0x08001814   0x00000040   Code   RO         1716    i.HAL_InitTick      stm32f4xx_hal.o
    0x08001854   0x08001854   0x00000030   Code   RO          557    i.HAL_MspInit       stm32f4xx_hal_msp.o
    0x08001884   0x08001884   0x0000001a   Code   RO         1560    i.HAL_NVIC_EnableIRQ  stm32f4xx_hal_cortex.o
    0x0800189e   0x0800189e   0x00000002   PAD
    0x080018a0   0x080018a0   0x00000040   Code   RO         1566    i.HAL_NVIC_SetPriority  stm32f4xx_hal_cortex.o
    0x080018e0   0x080018e0   0x00000024   Code   RO         1567    i.HAL_NVIC_SetPriorityGrouping  stm32f4xx_hal_cortex.o
    0x08001904   0x08001904   0x00000134   Code   RO          816    i.HAL_RCC_ClockConfig  stm32f4xx_hal_rcc.o
    0x08001a38   0x08001a38   0x00000020   Code   RO          823    i.HAL_RCC_GetPCLK1Freq  stm32f4xx_hal_rcc.o
    0x08001a58   0x08001a58   0x00000020   Code   RO          824    i.HAL_RCC_GetPCLK2Freq  stm32f4xx_hal_rcc.o
    0x08001a78   0x08001a78   0x00000060   Code   RO          825    i.HAL_RCC_GetSysClockFreq  stm32f4xx_hal_rcc.o
    0x08001ad8   0x08001ad8   0x0000036c   Code   RO          828    i.HAL_RCC_OscConfig  stm32f4xx_hal_rcc.o
    0x08001e44   0x08001e44   0x00000028   Code   RO         1571    i.HAL_SYSTICK_Config  stm32f4xx_hal_cortex.o
    0x08001e6c   0x08001e6c   0x00000002   Code   RO         2659    i.HAL_TIMEx_BreakCallback  stm32f4xx_hal_tim_ex.o
    0x08001e6e   0x08001e6e   0x00000002   Code   RO         2660    i.HAL_TIMEx_CommutCallback  stm32f4xx_hal_tim_ex.o
    0x08001e70   0x08001e70   0x00000090   Code   RO         2678    i.HAL_TIMEx_MasterConfigSynchronization  stm32f4xx_hal_tim_ex.o
    0x08001f00   0x08001f00   0x0000005a   Code   RO         1955    i.HAL_TIM_Base_Init  stm32f4xx_hal_tim.o
    0x08001f5a   0x08001f5a   0x00000002   PAD
    0x08001f5c   0x08001f5c   0x00000060   Code   RO          328    i.HAL_TIM_Base_MspInit  tim.o
    0x08001fbc   0x08001fbc   0x00000080   Code   RO         1960    i.HAL_TIM_Base_Start_IT  stm32f4xx_hal_tim.o
    0x0800203c   0x0800203c   0x000000dc   Code   RO         1964    i.HAL_TIM_ConfigClockSource  stm32f4xx_hal_tim.o
    0x08002118   0x08002118   0x00000002   Code   RO         1989    i.HAL_TIM_IC_CaptureCallback  stm32f4xx_hal_tim.o
    0x0800211a   0x0800211a   0x00000130   Code   RO         2003    i.HAL_TIM_IRQHandler  stm32f4xx_hal_tim.o
    0x0800224a   0x0800224a   0x00000002   Code   RO         2006    i.HAL_TIM_OC_DelayElapsedCallback  stm32f4xx_hal_tim.o
    0x0800224c   0x0800224c   0x00000002   Code   RO         2033    i.HAL_TIM_PWM_PulseFinishedCallback  stm32f4xx_hal_tim.o
    0x0800224e   0x0800224e   0x00000002   PAD
    0x08002250   0x08002250   0x00000044   Code   RO           15    i.HAL_TIM_PeriodElapsedCallback  main.o
    0x08002294   0x08002294   0x00000002   Code   RO         2046    i.HAL_TIM_TriggerCallback  stm32f4xx_hal_tim.o
    0x08002296   0x08002296   0x00000002   Code   RO         2938    i.HAL_UARTEx_RxEventCallback  stm32f4xx_hal_uart.o
    0x08002298   0x08002298   0x00000002   Code   RO         2952    i.HAL_UART_ErrorCallback  stm32f4xx_hal_uart.o
    0x0800229a   0x0800229a   0x00000002   PAD
    0x0800229c   0x0800229c   0x00000270   Code   RO         2955    i.HAL_UART_IRQHandler  stm32f4xx_hal_uart.o
    0x0800250c   0x0800250c   0x00000064   Code   RO         2956    i.HAL_UART_Init     stm32f4xx_hal_uart.o
    0x08002570   0x08002570   0x00000160   Code   RO          376    i.HAL_UART_MspInit  usart.o
    0x080026d0   0x080026d0   0x0000001c   Code   RO         2960    i.HAL_UART_Receive_DMA  stm32f4xx_hal_uart.o
    0x080026ec   0x080026ec   0x00000002   Code   RO         2962    i.HAL_UART_RxCpltCallback  stm32f4xx_hal_uart.o
    0x080026ee   0x080026ee   0x00000002   Code   RO         2963    i.HAL_UART_RxHalfCpltCallback  stm32f4xx_hal_uart.o
    0x080026f0   0x080026f0   0x000000a0   Code   RO         2964    i.HAL_UART_Transmit  stm32f4xx_hal_uart.o
    0x08002790   0x08002790   0x00000002   Code   RO         2967    i.HAL_UART_TxCpltCallback  stm32f4xx_hal_uart.o
    0x08002792   0x08002792   0x00000002   Code   RO          450    i.HardFault_Handler  stm32f4xx_it.o
    0x08002794   0x08002794   0x000000f8   Code   RO         3594    i.LQR_operation     balance.o
    0x0800288c   0x0800288c   0x00000044   Code   RO          237    i.MX_CAN1_Init      can.o
    0x080028d0   0x080028d0   0x0000003c   Code   RO          303    i.MX_DMA_Init       dma.o
    0x0800290c   0x0800290c   0x0000005c   Code   RO          206    i.MX_GPIO_Init      gpio.o
    0x08002968   0x08002968   0x00000068   Code   RO          329    i.MX_TIM2_Init      tim.o
    0x080029d0   0x080029d0   0x00000068   Code   RO          330    i.MX_TIM3_Init      tim.o
    0x08002a38   0x08002a38   0x00000038   Code   RO          377    i.MX_USART1_UART_Init  usart.o
    0x08002a70   0x08002a70   0x00000038   Code   RO          378    i.MX_USART2_UART_Init  usart.o
    0x08002aa8   0x08002aa8   0x00000038   Code   RO          379    i.MX_USART3_UART_Init  usart.o
    0x08002ae0   0x08002ae0   0x00000002   Code   RO          451    i.MemManage_Handler  stm32f4xx_it.o
    0x08002ae2   0x08002ae2   0x00000002   Code   RO          452    i.NMI_Handler       stm32f4xx_it.o
    0x08002ae4   0x08002ae4   0x00000014   Code   RO         3328    i.OdriveGetEncoderFeedback  odriver.o
    0x08002af8   0x08002af8   0x00000014   Code   RO         3330    i.OdriveGet_VOLTAGE_Gurren  odriver.o
    0x08002b0c   0x08002b0c   0x0000000c   Code   RO         3331    i.OdriveInit        odriver.o
    0x08002b18   0x08002b18   0x00000002   Code   RO          453    i.PendSV_Handler    stm32f4xx_it.o
    0x08002b1a   0x08002b1a   0x00000002   Code   RO          454    i.SVC_Handler       stm32f4xx_it.o
    0x08002b1c   0x08002b1c   0x00000004   Code   RO          455    i.SysTick_Handler   stm32f4xx_it.o
    0x08002b20   0x08002b20   0x00000094   Code   RO           16    i.SystemClock_Config  main.o
    0x08002bb4   0x08002bb4   0x00000010   Code   RO         3290    i.SystemInit        system_stm32f4xx.o
    0x08002bc4   0x08002bc4   0x0000000c   Code   RO          456    i.TIM2_IRQHandler   stm32f4xx_it.o
    0x08002bd0   0x08002bd0   0x0000000c   Code   RO          457    i.TIM3_IRQHandler   stm32f4xx_it.o
    0x08002bdc   0x08002bdc   0x000000d8   Code   RO         2048    i.TIM_Base_SetConfig  stm32f4xx_hal_tim.o
    0x08002cb4   0x08002cb4   0x00000014   Code   RO         2059    i.TIM_ETR_SetConfig  stm32f4xx_hal_tim.o
    0x08002cc8   0x08002cc8   0x00000010   Code   RO         2060    i.TIM_ITRx_SetConfig  stm32f4xx_hal_tim.o
    0x08002cd8   0x08002cd8   0x00000022   Code   RO         2066    i.TIM_TI1_ConfigInputStage  stm32f4xx_hal_tim.o
    0x08002cfa   0x08002cfa   0x00000024   Code   RO         2068    i.TIM_TI2_ConfigInputStage  stm32f4xx_hal_tim.o
    0x08002d1e   0x08002d1e   0x00000010   Code   RO         2969    i.UART_DMAAbortOnError  stm32f4xx_hal_uart.o
    0x08002d2e   0x08002d2e   0x0000004a   Code   RO         2970    i.UART_DMAError     stm32f4xx_hal_uart.o
    0x08002d78   0x08002d78   0x00000086   Code   RO         2971    i.UART_DMAReceiveCplt  stm32f4xx_hal_uart.o
    0x08002dfe   0x08002dfe   0x0000001e   Code   RO         2973    i.UART_DMARxHalfCplt  stm32f4xx_hal_uart.o
    0x08002e1c   0x08002e1c   0x0000004e   Code   RO         2979    i.UART_EndRxTransfer  stm32f4xx_hal_uart.o
    0x08002e6a   0x08002e6a   0x0000001c   Code   RO         2980    i.UART_EndTxTransfer  stm32f4xx_hal_uart.o
    0x08002e86   0x08002e86   0x000000c2   Code   RO         2981    i.UART_Receive_IT   stm32f4xx_hal_uart.o
    0x08002f48   0x08002f48   0x0000010c   Code   RO         2982    i.UART_SetConfig    stm32f4xx_hal_uart.o
    0x08003054   0x08003054   0x00000090   Code   RO         2983    i.UART_Start_Receive_DMA  stm32f4xx_hal_uart.o
    0x080030e4   0x080030e4   0x00000072   Code   RO         2985    i.UART_WaitOnFlagUntilTimeout  stm32f4xx_hal_uart.o
    0x08003156   0x08003156   0x00000002   PAD
    0x08003158   0x08003158   0x0000000c   Code   RO          458    i.USART3_IRQHandler  stm32f4xx_it.o
    0x08003164   0x08003164   0x00000002   Code   RO          459    i.UsageFault_Handler  stm32f4xx_it.o
    0x08003166   0x08003166   0x00000002   PAD
    0x08003168   0x08003168   0x00000020   Code   RO         3799    i.__0printf$5       mc_w.l(printf5.o)
    0x08003188   0x08003188   0x00000030   Code   RO         3969    i.__ARM_fpclassify  m_wm.l(fpclassify.o)
    0x080031b8   0x080031b8   0x00000020   Code   RO         1573    i.__NVIC_SetPriority  stm32f4xx_hal_cortex.o
    0x080031d8   0x080031d8   0x00000360   Code   RO         3629    i.__hardfp_asin     m_wm.l(asin.o)
    0x08003538   0x08003538   0x000002d8   Code   RO         3935    i.__hardfp_atan     m_wm.l(atan.o)
    0x08003810   0x08003810   0x00000200   Code   RO         3643    i.__hardfp_atan2    m_wm.l(atan2.o)
    0x08003a10   0x08003a10   0x000000f8   Code   RO         3971    i.__kernel_poly     m_wm.l(poly.o)
    0x08003b08   0x08003b08   0x00000014   Code   RO         3950    i.__mathlib_dbl_infnan  m_wm.l(dunder.o)
    0x08003b1c   0x08003b1c   0x00000014   Code   RO         3951    i.__mathlib_dbl_infnan2  m_wm.l(dunder.o)
    0x08003b30   0x08003b30   0x00000020   Code   RO         3952    i.__mathlib_dbl_invalid  m_wm.l(dunder.o)
    0x08003b50   0x08003b50   0x00000020   Code   RO         3955    i.__mathlib_dbl_underflow  m_wm.l(dunder.o)
    0x08003b70   0x08003b70   0x0000000e   Code   RO         4039    i.__scatterload_copy  mc_w.l(handlers.o)
    0x08003b7e   0x08003b7e   0x00000002   Code   RO         4040    i.__scatterload_null  mc_w.l(handlers.o)
    0x08003b80   0x08003b80   0x0000000e   Code   RO         4041    i.__scatterload_zeroinit  mc_w.l(handlers.o)
    0x08003b8e   0x08003b8e   0x00000002   PAD
    0x08003b90   0x08003b90   0x0000000c   Code   RO         4013    i.__set_errno       mc_w.l(errno.o)
    0x08003b9c   0x08003b9c   0x000002c0   Code   RO         3806    i._printf_core      mc_w.l(printf5.o)
    0x08003e5c   0x08003e5c   0x00000010   Code   RO         3937    i.atan              m_wm.l(atan.o)
    0x08003e6c   0x08003e6c   0x0000006c   Code   RO         3342    i.decode_Odrive     odriver.o
    0x08003ed8   0x08003ed8   0x00000018   Code   RO         3965    i.fabs              m_wm.l(fabs.o)
    0x08003ef0   0x08003ef0   0x00000018   Code   RO          381    i.fputc             usart.o
    0x08003f08   0x08003f08   0x00000098   Code   RO         3492    i.interrupt_imu_date  fdilink_decode.o
    0x08003fa0   0x08003fa0   0x00000074   Code   RO           17    i.main              main.o
    0x08004014   0x08004014   0x000000f2   Code   RO         3493    i.quaternio_to_euler  fdilink_decode.o
    0x08004106   0x08004106   0x0000006e   Code   RO         3976    i.sqrt              m_wm.l(sqrt.o)
    0x08004174   0x08004174   0x00000008   Data   RO         1289    .constdata          stm32f4xx_hal_dma.o
    0x0800417c   0x0800417c   0x00000010   Data   RO         3291    .constdata          system_stm32f4xx.o
    0x0800418c   0x0800418c   0x00000008   Data   RO         3292    .constdata          system_stm32f4xx.o
    0x08004194   0x08004194   0x00000400   Data   RO         3537    .constdata          fdilink_decode.o
    0x08004594   0x08004594   0x00000004   PAD
    0x08004598   0x08004598   0x00000050   Data   RO         3632    .constdata          m_wm.l(asin.o)
    0x080045e8   0x080045e8   0x00000098   Data   RO         3938    .constdata          m_wm.l(atan.o)
    0x08004680   0x08004680   0x00000008   Data   RO         3973    .constdata          m_wm.l(qnan.o)
    0x08004688   0x08004688   0x00000020   Data   RO         4037    Region$$Table       anon$$obj.o


    Execution Region RW_IRAM1 (Exec base: 0x20000000, Load base: 0x080046a8, Size: 0x00001028, Max: 0x00020000, ABSOLUTE)

    Exec Addr    Load Addr    Size         Type   Attr      Idx    E Section Name        Object

    0x20000000   0x080046a8   0x00000004   Data   RW           19    .data               main.o
    0x20000004   0x080046ac   0x0000000c   Data   RW         1722    .data               stm32f4xx_hal.o
    0x20000010   0x080046b8   0x00000004   Data   RW         3293    .data               system_stm32f4xx.o
    0x20000014   0x080046bc   0x00000010   Data   RW         3538    .data               fdilink_decode.o
    0x20000024   0x080046cc   0x00000008   Data   RW         3539    .data               fdilink_decode.o
    0x2000002c   0x080046d4   0x00000004   Data   RW         3540    .data               fdilink_decode.o
    0x20000030   0x080046d8   0x00000007   Data   RW         3541    .data               fdilink_decode.o
    0x20000037   0x080046df   0x00000008   Data   RW         3542    .data               fdilink_decode.o
    0x2000003f   0x080046e7   0x00000008   Data   RW         3543    .data               fdilink_decode.o
    0x20000047   0x080046ef   0x00000008   Data   RW         3544    .data               fdilink_decode.o
    0x2000004f   0x080046f7   0x00000008   Data   RW         3545    .data               fdilink_decode.o
    0x20000057   0x080046ff   0x00000004   Data   RW         3546    .data               fdilink_decode.o
    0x2000005b   0x08004703   0x00000008   Data   RW         3547    .data               fdilink_decode.o
    0x20000063   0x0800470b   0x00000008   Data   RW         3548    .data               fdilink_decode.o
    0x2000006b   0x08004713   0x00000004   Data   RW         3549    .data               fdilink_decode.o
    0x2000006f   0x08004717   0x00000001   Data   RW         3550    .data               fdilink_decode.o
    0x20000070   0x08004718   0x00000003   Data   RW         3551    .data               fdilink_decode.o
    0x20000073   0x0800471b   0x00000008   Data   RW         3552    .data               fdilink_decode.o
    0x2000007b   0x08004723   0x00000005   Data   RW         3553    .data               fdilink_decode.o
    0x20000080   0x08004728   0x00000024   Data   RW         3597    .data               balance.o
    0x200000a4   0x0800474c   0x00000004   Data   RW         4002    .data               mc_w.l(stdout.o)
    0x200000a8   0x08004750   0x00000004   Data   RW         4014    .data               mc_w.l(errno.o)
    0x200000ac        -       0x0000005c   Zero   RW           18    .bss                main.o
    0x20000108        -       0x00000040   Zero   RW          238    .bss                can.o
    0x20000148        -       0x00000090   Zero   RW          331    .bss                tim.o
    0x200001d8        -       0x00000198   Zero   RW          382    .bss                usart.o
    0x20000370        -       0x00000038   Zero   RW         3494    .bss                fdilink_decode.o
    0x200003a8        -       0x0000026c   Zero   RW         3495    .bss                fdilink_decode.o
    0x20000614        -       0x00000054   Zero   RW         3496    .bss                fdilink_decode.o
    0x20000668        -       0x00000064   Zero   RW         3497    .bss                fdilink_decode.o
    0x200006cc        -       0x0000000e   Zero   RW         3498    .bss                fdilink_decode.o
    0x200006da        -       0x0000000c   Zero   RW         3499    .bss                fdilink_decode.o
    0x200006e6        -       0x0000000c   Zero   RW         3500    .bss                fdilink_decode.o
    0x200006f2        -       0x0000000c   Zero   RW         3501    .bss                fdilink_decode.o
    0x200006fe        -       0x00000010   Zero   RW         3502    .bss                fdilink_decode.o
    0x2000070e        -       0x00000030   Zero   RW         3503    .bss                fdilink_decode.o
    0x2000073e        -       0x0000004a   Zero   RW         3504    .bss                fdilink_decode.o
    0x20000788        -       0x0000000d   Zero   RW         3505    .bss                fdilink_decode.o
    0x20000795        -       0x00000018   Zero   RW         3506    .bss                fdilink_decode.o
    0x200007ad        -       0x00000018   Zero   RW         3507    .bss                fdilink_decode.o
    0x200007c5        -       0x0000001a   Zero   RW         3508    .bss                fdilink_decode.o
    0x200007df        -       0x0000000c   Zero   RW         3509    .bss                fdilink_decode.o
    0x200007eb        -       0x0000000c   Zero   RW         3510    .bss                fdilink_decode.o
    0x200007f7        -       0x0000000c   Zero   RW         3511    .bss                fdilink_decode.o
    0x20000803        -       0x00000010   Zero   RW         3512    .bss                fdilink_decode.o
    0x20000813        -       0x0000000c   Zero   RW         3513    .bss                fdilink_decode.o
    0x2000081f        -       0x00000010   Zero   RW         3514    .bss                fdilink_decode.o
    0x2000082f        -       0x00000024   Zero   RW         3515    .bss                fdilink_decode.o
    0x20000853        -       0x0000000c   Zero   RW         3516    .bss                fdilink_decode.o
    0x2000085f        -       0x0000000c   Zero   RW         3517    .bss                fdilink_decode.o
    0x2000086b        -       0x0000003c   Zero   RW         3518    .bss                fdilink_decode.o
    0x200008a7        -       0x00000024   Zero   RW         3519    .bss                fdilink_decode.o
    0x200008cb        -       0x00000018   Zero   RW         3520    .bss                fdilink_decode.o
    0x200008e3        -       0x00000010   Zero   RW         3521    .bss                fdilink_decode.o
    0x200008f3        -       0x0000000c   Zero   RW         3522    .bss                fdilink_decode.o
    0x200008ff        -       0x00000014   Zero   RW         3523    .bss                fdilink_decode.o
    0x20000913        -       0x000000ff   Zero   RW         3524    .bss                fdilink_decode.o
    0x20000a12        -       0x0000000c   Zero   RW         3525    .bss                fdilink_decode.o
    0x20000a1e        -       0x00000010   Zero   RW         3526    .bss                fdilink_decode.o
    0x20000a2e        -       0x00000030   Zero   RW         3527    .bss                fdilink_decode.o
    0x20000a5e        -       0x0000000d   Zero   RW         3528    .bss                fdilink_decode.o
    0x20000a6b        -       0x00000019   Zero   RW         3529    .bss                fdilink_decode.o
    0x20000a84        -       0x00000018   Zero   RW         3530    .bss                fdilink_decode.o
    0x20000a9c        -       0x0000001b   Zero   RW         3531    .bss                fdilink_decode.o
    0x20000ab7        -       0x00000049   Zero   RW         3532    .bss                fdilink_decode.o
    0x20000b00        -       0x00000009   Zero   RW         3533    .bss                fdilink_decode.o
    0x20000b09        -       0x00000031   Zero   RW         3534    .bss                fdilink_decode.o
    0x20000b3a        -       0x00000040   Zero   RW         3535    .bss                fdilink_decode.o
    0x20000b7a        -       0x0000002e   Zero   RW         3536    .bss                fdilink_decode.o
    0x20000ba8        -       0x0000007c   Zero   RW         3596    .bss                balance.o
    0x20000c24   0x08004754   0x00000004   PAD
    0x20000c28        -       0x00000400   Zero   RW            1    STACK               startup_stm32f407xx.o


==============================================================================

Image component sizes


      Code (inc. data)   RO Data    RW Data    ZI Data      Debug   Object Name

       248         30          0         36        124       3450   balance.o
       344         36          0          0         64       3363   can.o
        60          4          0          0          0        898   dma.o
       304         10          0          0          0       4699   fdilink.o
       394         22       1024        108       2104      22390   fdilink_decode.o
        92          6          0          0          0       1019   gpio.o
       408         66          0          4         92     707222   main.o
       160         32          0          0          0       4870   odriver.o
        36          8        392          0       1024        832   startup_stm32f407xx.o
       144         24          0         12          0       8857   stm32f4xx_hal.o
      1658          6          0          0          0      14335   stm32f4xx_hal_can.o
       198         14          0          0          0      33787   stm32f4xx_hal_cortex.o
      1084         16          8          0          0       7426   stm32f4xx_hal_dma.o
       496         46          0          0          0       1648   stm32f4xx_hal_gpio.o
        48          6          0          0          0        966   stm32f4xx_hal_msp.o
      1344         72          0          0          0       5332   stm32f4xx_hal_rcc.o
      1072         74          0          0          0      10385   stm32f4xx_hal_tim.o
       148         28          0          0          0       2589   stm32f4xx_hal_tim_ex.o
      2002         30          0          0          0      15306   stm32f4xx_hal_uart.o
        92         36          0          0          0       6912   stm32f4xx_it.o
        16          4         24          4          0       1239   system_stm32f4xx.o
       304         24          0          0        144       2519   tim.o
       544         60          0          0        408       5210   usart.o

    ----------------------------------------------------------------------
     11216        654       1484        164       3964     865254   Object Totals
         0          0         32          0          0          0   (incl. Generated)
        20          0          4          0          4          0   (incl. Padding)

    ----------------------------------------------------------------------

      Code (inc. data)   RO Data    RW Data    ZI Data      Debug   Library Member Name

       864         94         80          0          0        280   asin.o
       744        106        152          0          0        352   atan.o
       512         64          0          0          0        208   atan2.o
       104         16          0          0          0        496   dunder.o
        24          0          0          0          0        124   fabs.o
        48          0          0          0          0        124   fpclassify.o
       248          0          0          0          0        152   poly.o
         0          0          8          0          0          0   qnan.o
       110          0          0          0          0        148   sqrt.o
         0          0          0          0          0          0   entry.o
         0          0          0          0          0          0   entry10a.o
         0          0          0          0          0          0   entry11a.o
         4          0          0          0          0          0   entry12b.o
         8          4          0          0          0          0   entry2.o
         4          0          0          0          0          0   entry5.o
         0          0          0          0          0          0   entry7b.o
         0          0          0          0          0          0   entry8b.o
         8          4          0          0          0          0   entry9a.o
        12          6          0          4          0         68   errno.o
        30          0          0          0          0          0   handlers.o
        36          8          0          0          0         68   init.o
         0          0          0          0          0          0   iusefp.o
        30          0          0          0          0         68   llshl.o
        36          0          0          0          0         68   llsshr.o
        32          0          0          0          0         68   llushr.o
        36          0          0          0          0         68   memcpya.o
        36          0          0          0          0        108   memseta.o
       736         54          0          0          0        184   printf5.o
         0          0          0          4          0          0   stdout.o
        98          0          0          0          0         92   uldiv.o
        48          0          0          0          0         68   cdcmple.o
        56          0          0          0          0         88   d2f.o
       334          0          0          0          0        148   dadd.o
       222          0          0          0          0        100   ddiv.o
       186          0          0          0          0        176   depilogue.o
       228          0          0          0          0         96   dmul.o
       162          0          0          0          0        100   dsqrt.o
        38          0          0          0          0         68   f2d.o
       110          0          0          0          0        168   fepilogue.o

    ----------------------------------------------------------------------
      5148        356        240          8          0       3688   Library Totals
         4          0          0          0          0          0   (incl. Padding)

    ----------------------------------------------------------------------

      Code (inc. data)   RO Data    RW Data    ZI Data      Debug   Library Name

      2654        280        240          0          0       1884   m_wm.l
      1106         76          0          8          0        792   mc_w.l
      1384          0          0          0          0       1012   mf_w.l

    ----------------------------------------------------------------------
      5148        356        240          8          0       3688   Library Totals

    ----------------------------------------------------------------------

==============================================================================


      Code (inc. data)   RO Data    RW Data    ZI Data      Debug   

     16364       1010       1724        172       3964     855414   Grand Totals
     16364       1010       1724        172       3964     855414   ELF Image Totals
     16364       1010       1724        172          0          0   ROM Totals

==============================================================================

    Total RO  Size (Code + RO Data)                18088 (  17.66kB)
    Total RW  Size (RW Data + ZI Data)              4136 (   4.04kB)
    Total ROM Size (Code + RO Data + RW Data)      18260 (  17.83kB)

==============================================================================

